warning: ainux_kernel@0.1.0: Inherited flag "-mcmodel=kernel" is not supported by the currently used CC
warning: ainux_kernel@0.1.0: Inherited flag "-mcmodel=kernel" is not supported by the currently used CC
warning: ainux_kernel@0.1.0: Inherited flag "-mcmodel=kernel" is not supported by the currently used CC
warning: ainux_kernel@0.1.0: Inherited flag "-mcmodel=kernel" is not supported by the currently used CC
warning: ainux_kernel@0.1.0: Inherited flag "-mcmodel=kernel" is not supported by the currently used CC
warning: ainux_kernel@0.1.0: Inherited flag "-mcmodel=kernel" is not supported by the currently used CC
warning: ainux_kernel@0.1.0: Inherited flag "-mcmodel=kernel" is not supported by the currently used CC
warning: ainux_kernel@0.1.0: src/c/libc/stdio.c: In function 'fopen':
warning: ainux_kernel@0.1.0: src/c/libc/stdio.c:142:47: warning: unused parameter 'mode' [-Wunused-parameter]
warning: ainux_kernel@0.1.0:   142 | FILE *fopen(const char *pathname, const char *mode) {
warning: ainux_kernel@0.1.0:       |                                   ~~~~~~~~~~~~^~~~
warning: ainux_kernel@0.1.0: Inherited flag "-mcmodel=kernel" is not supported by the currently used CC
warning: ainux_kernel@0.1.0: Inherited flag "-mcmodel=kernel" is not supported by the currently used CC
warning: ainux_kernel@0.1.0: Inherited flag "-mcmodel=kernel" is not supported by the currently used CC
warning: ainux_kernel@0.1.0: Inherited flag "-mcmodel=kernel" is not supported by the currently used CC
warning: ainux_kernel@0.1.0: Inherited flag "-mcmodel=kernel" is not supported by the currently used CC
warning: ainux_kernel@0.1.0: Inherited flag "-mcmodel=kernel" is not supported by the currently used CC
warning: ainux_kernel@0.1.0: Inherited flag "-mcmodel=kernel" is not supported by the currently used CC
warning: ainux_kernel@0.1.0: src/c/ex/io/ext2.c:80:25: warning: 'ext2_readdir' defined but not used [-Wunused-function]
warning: ainux_kernel@0.1.0:    80 | static struct w_dirent *ext2_readdir(vfs_node_t *node, uint32_t index) {
warning: ainux_kernel@0.1.0:       |                         ^~~~~~~~~~~~
warning: ainux_kernel@0.1.0: Inherited flag "-mcmodel=kernel" is not supported by the currently used CC
warning: ainux_kernel@0.1.0: src/c/ex/io/fat32.c: In function 'fat32_read_vfs':
warning: ainux_kernel@0.1.0: src/c/ex/io/fat32.c:891:52: warning: unused parameter 'offset' [-Wunused-parameter]
warning: ainux_kernel@0.1.0:   891 | uint64_t fat32_read_vfs(vfs_node_t *node, uint64_t offset, uint64_t size, uint8_t *buffer) {
warning: ainux_kernel@0.1.0:       |                                           ~~~~~~~~~^~~~~~
warning: ainux_kernel@0.1.0: src/c/ex/io/fat32.c: In function 'fat32_write_vfs':
warning: ainux_kernel@0.1.0: src/c/ex/io/fat32.c:907:53: warning: unused parameter 'offset' [-Wunused-parameter]
warning: ainux_kernel@0.1.0:   907 | uint64_t fat32_write_vfs(vfs_node_t *node, uint64_t offset, uint64_t size, uint8_t *buffer) {
warning: ainux_kernel@0.1.0:       |                                            ~~~~~~~~~^~~~~~
warning: ainux_kernel@0.1.0: Inherited flag "-mcmodel=kernel" is not supported by the currently used CC
warning: ainux_kernel@0.1.0: Inherited flag "-mcmodel=kernel" is not supported by the currently used CC
warning: ainux_kernel@0.1.0: Inherited flag "-mcmodel=kernel" is not supported by the currently used CC
warning: ainux_kernel@0.1.0: Inherited flag "-mcmodel=kernel" is not supported by the currently used CC
warning: ainux_kernel@0.1.0: Inherited flag "-mcmodel=kernel" is not supported by the currently used CC
warning: ainux_kernel@0.1.0: Inherited flag "-mcmodel=kernel" is not supported by the currently used CC
warning: ainux_kernel@0.1.0: src/c/drivers/mouse.c: In function 'mouse_handler':
warning: ainux_kernel@0.1.0: src/c/drivers/mouse.c:132:20: warning: variable 'y_rel' set but not used [-Wunused-but-set-variable]
warning: ainux_kernel@0.1.0:   132 |             int8_t y_rel = mouse_byte[2];
warning: ainux_kernel@0.1.0:       |                    ^~~~~
warning: ainux_kernel@0.1.0: src/c/drivers/mouse.c:131:20: warning: variable 'x_rel' set but not used [-Wunused-but-set-variable]
warning: ainux_kernel@0.1.0:   131 |             int8_t x_rel = mouse_byte[1];
warning: ainux_kernel@0.1.0:       |                    ^~~~~
warning: ainux_kernel@0.1.0: Inherited flag "-mcmodel=kernel" is not supported by the currently used CC
warning: ainux_kernel@0.1.0: Inherited flag "-mcmodel=kernel" is not supported by the currently used CC
warning: ainux_kernel@0.1.0: Inherited flag "-mcmodel=kernel" is not supported by the currently used CC
warning: ainux_kernel@0.1.0: src/c/drivers/rtc.c: In function 'rtc_get_time':
warning: ainux_kernel@0.1.0: src/c/drivers/rtc.c:32:13: warning: unused variable 'century' [-Wunused-variable]
warning: ainux_kernel@0.1.0:    32 |     uint8_t century;
warning: ainux_kernel@0.1.0:       |             ^~~~~~~
warning: ainux_kernel@0.1.0: Inherited flag "-mcmodel=kernel" is not supported by the currently used CC
warning: ainux_kernel@0.1.0: Inherited flag "-mcmodel=kernel" is not supported by the currently used CC
warning: ainux_kernel@0.1.0: Inherited flag "-mcmodel=kernel" is not supported by the currently used CC
warning: ainux_kernel@0.1.0: Inherited flag "-mcmodel=kernel" is not supported by the currently used CC
warning: ainux_kernel@0.1.0: Inherited flag "-mcmodel=kernel" is not supported by the currently used CC
warning: ainux_kernel@0.1.0: Inherited flag "-mcmodel=kernel" is not supported by the currently used CC
warning: ainux_kernel@0.1.0: Inherited flag "-mcmodel=kernel" is not supported by the currently used CC
warning: ainux_kernel@0.1.0: Inherited flag "-mcmodel=kernel" is not supported by the currently used CC
warning: ainux_kernel@0.1.0: Inherited flag "-mcmodel=kernel" is not supported by the currently used CC
warning: ainux_kernel@0.1.0: Inherited flag "-mcmodel=kernel" is not supported by the currently used CC
warning: ainux_kernel@0.1.0: Inherited flag "-mcmodel=kernel" is not supported by the currently used CC
warning: ainux_kernel@0.1.0: Inherited flag "-mcmodel=kernel" is not supported by the currently used CC
    Checking ainux_kernel v0.1.0 (/home/aakash/Downloads/Ainuix/custom_kernel)
warning: unused `#[macro_use]` import
 --> src/main.rs:4:1
  |
4 | #[macro_use]
  | ^^^^^^^^^^^^
  |
  = note: `#[warn(unused_imports)]` (part of `#[warn(unused)]`) on by default

warning: unused import: `self`
 --> src/main.rs:9:17
  |
9 | use core::fmt::{self, Write};
  |                 ^^^^

warning: unused import: `core::mem::transmute`
 --> src/fs/ext4.rs:2:5
  |
2 | use core::mem::transmute;
  |     ^^^^^^^^^^^^^^^^^^^^

warning: unused import: `self`
   --> src/fs/ext4.rs:120:22
    |
120 | use crate::fs::vfs::{self, FileSystem, Inode, FileHandle, VfsResult, VfsError, FileType, FileStat};
    |                      ^^^^

warning: unused import: `alloc::vec::Vec`
 --> src/fs/elf.rs:1:5
  |
1 | use alloc::vec::Vec;
  |     ^^^^^^^^^^^^^^^

warning: unused import: `core::fmt`
 --> src/fs/elf.rs:2:5
  |
2 | use core::fmt;
  |     ^^^^^^^^^

warning: unused import: `AtomicUsize`
 --> src/mm/pmm.rs:3:26
  |
3 | use core::sync::atomic::{AtomicUsize, AtomicU64, Ordering};
  |                          ^^^^^^^^^^^

warning: unused import: `PAGE_SIZE`
 --> src/mm/vmm.rs:2:22
  |
2 | use crate::mm::pmm::{PAGE_SIZE, PMM, HHDM_OFFSET};
  |                      ^^^^^^^^^

warning: unused import: `core::slice`
 --> src/mm/user.rs:1:5
  |
1 | use core::slice;
  |     ^^^^^^^^^^^

warning: unused import: `naked_asm`
 --> src/cpu/userspace.rs:1:23
  |
1 | use core::arch::{asm, naked_asm};
  |                       ^^^^^^^^^

warning: unused imports: `TaskState` and `Task`
 --> src/process/loader.rs:1:19
  |
1 | use super::task::{Task, TaskState};
  |                   ^^^^  ^^^^^^^^^

warning: unused imports: `PF_W` and `PF_X`
 --> src/process/loader.rs:3:57
  |
3 | use crate::fs::elf::{ElfHeader, ProgramHeader, PT_LOAD, PF_W, PF_X};
  |                                                         ^^^^  ^^^^

warning: unused import: `alloc::vec::Vec`
 --> src/process/loader.rs:6:5
  |
6 | use alloc::vec::Vec;
  |     ^^^^^^^^^^^^^^^

warning: unused import: `core::slice`
 --> src/process/loader.rs:7:5
  |
7 | use core::slice;
  |     ^^^^^^^^^^^

warning: unused import: `spin::Mutex`
 --> src/drivers/video.rs:1:5
  |
1 | use spin::Mutex;
  |     ^^^^^^^^^^^

warning: unused import: `core::fmt::Write`
    --> src/shell.rs:1508:9
     |
1508 |     use core::fmt::Write;
     |         ^^^^^^^^^^^^^^^^

warning: unused imports: `FRAMEBUFFER_ADDR`, `FRAMEBUFFER_BPP`, `FRAMEBUFFER_HEIGHT`, `FRAMEBUFFER_PITCH`, and `FRAMEBUFFER_WIDTH`
 --> src/gui/graphics.rs:2:35
  |
2 | use crate::drivers::video::{self, FRAMEBUFFER_ADDR, FRAMEBUFFER_WIDTH, FRAMEBUFFER_HEIGHT, FRAMEBUFFER_PITCH, FRAMEBUFFER_BPP};
  |                                   ^^^^^^^^^^^^^^^^  ^^^^^^^^^^^^^^^^^  ^^^^^^^^^^^^^^^^^^  ^^^^^^^^^^^^^^^^^  ^^^^^^^^^^^^^^^

warning: unused import: `Color`
 --> src/gui/compositor.rs:4:28
  |
4 | use crate::gui::graphics::{Color, Graphics};
  |                            ^^^^^

warning: unused import: `spin::Mutex`
 --> src/engine/vm.rs:3:5
  |
3 | use spin::Mutex;
  |     ^^^^^^^^^^^

warning: unused import: `alloc::vec::Vec`
 --> src/engine/ai_scheduler.rs:1:5
  |
1 | use alloc::vec::Vec;
  |     ^^^^^^^^^^^^^^^

warning: unused import: `spin::Mutex`
 --> src/engine/ai_scheduler.rs:2:5
  |
2 | use spin::Mutex;
  |     ^^^^^^^^^^^

warning: unused import: `alloc::string::ToString`
 --> src/nux/lexer.rs:4:5
  |
4 | use alloc::string::ToString;
  |     ^^^^^^^^^^^^^^^^^^^^^^^

warning: unused import: `alloc::sync::Arc`
 --> src/sem/mod.rs:3:5
  |
3 | use alloc::sync::Arc;
  |     ^^^^^^^^^^^^^^^^

warning: unused variable: `group`
   --> src/fs/ext4.rs:270:23
    |
270 |     fn get_bgd(&self, group: u32) -> BlockGroupDescriptor {
    |                       ^^^^^ help: if this is intentional, prefix it with an underscore: `_group`
    |
    = note: `#[warn(unused_variables)]` (part of `#[warn(unused)]`) on by default

warning: unused variable: `group`
   --> src/fs/ext4.rs:283:26
    |
283 |     fn update_bgd(&self, group: u32, bgd: BlockGroupDescriptor) {
    |                          ^^^^^ help: if this is intentional, prefix it with an underscore: `_group`

warning: unused variable: `real_len`
   --> src/fs/ext4.rs:795:18
    |
795 |              let real_len = (8 + entry.name_len as u16 + 3) & !3;
    |                  ^^^^^^^^ help: if this is intentional, prefix it with an underscore: `_real_len`

warning: unused variable: `a1`
  --> src/cpu/pic.rs:26:9
   |
26 |     let a1 = inb(PIC1_DATA);
   |         ^^ help: if this is intentional, prefix it with an underscore: `_a1`

warning: unused variable: `a2`
  --> src/cpu/pic.rs:27:9
   |
27 |     let a2 = inb(PIC2_DATA);
   |         ^^ help: if this is intentional, prefix it with an underscore: `_a2`

warning: unnecessary `unsafe` block
   --> src/cpu/syscall.rs:251:14
    |
251 |              unsafe { crate::process::scheduler::get_ticks() * 10 }
    |              ^^^^^^ unnecessary `unsafe` block
    |
    = note: `#[warn(unused_unsafe)]` (part of `#[warn(unused)]`) on by default

warning: variable does not need to be mutable
  --> src/process/scheduler.rs:35:9
   |
35 |     let mut next_task_id = 0;
   |         ----^^^^^^^^^^^^
   |         |
   |         help: remove this `mut`
   |
   = note: `#[warn(unused_mut)]` (part of `#[warn(unused)]`) on by default

warning: unused variable: `next_task_id`
  --> src/process/scheduler.rs:35:9
   |
35 |     let mut next_task_id = 0;
   |         ^^^^^^^^^^^^^^^^ help: if this is intentional, prefix it with an underscore: `_next_task_id`

warning: unnecessary `unsafe` block
   --> src/process/scheduler.rs:252:5
    |
252 |     unsafe {
    |     ^^^^^^ unnecessary `unsafe` block

warning: unused variable: `path`
   --> src/process/scheduler.rs:274:21
    |
274 | pub fn process_open(path: &str, _flags: u32) -> isize {
    |                     ^^^^ help: if this is intentional, prefix it with an underscore: `_path`

warning: variable does not need to be mutable
   --> src/process/scheduler.rs:284:9
    |
284 |     let mut tasks = TASKS.lock();
    |         ----^^^^^
    |         |
    |         help: remove this `mut`

warning: variable does not need to be mutable
   --> src/process/scheduler.rs:315:9
    |
315 |     let mut tasks = TASKS.lock();
    |         ----^^^^^
    |         |
    |         help: remove this `mut`

warning: unnecessary `unsafe` block
   --> src/process/loader.rs:122:21
    |
122 |                     unsafe {
    |                     ^^^^^^ unnecessary `unsafe` block

warning: unused variable: `flags`
   --> src/drivers/mouse.rs:102:21
    |
102 |                 let flags = MOUSE_BYTE[0];
    |                     ^^^^^ help: if this is intentional, prefix it with an underscore: `_flags`

warning: unnecessary `unsafe` block
  --> src/drivers/ata.rs:56:5
   |
56 |     unsafe {
   |     ^^^^^^ unnecessary `unsafe` block

warning: unnecessary `unsafe` block
  --> src/drivers/ata.rs:86:5
   |
86 |     unsafe {
   |     ^^^^^^ unnecessary `unsafe` block

warning: unnecessary `unsafe` block
  --> src/drivers/manager.rs:32:14
   |
32 |              unsafe { crate::drivers::video::put_str("Health Check: Driver Failed: "); }
   |              ^^^^^^ unnecessary `unsafe` block

warning: unused variable: `mhz`
 --> src/drivers/power.rs:6:28
  |
6 | pub fn scale_cpu_frequency(mhz: u32) {
  |                            ^^^ help: if this is intentional, prefix it with an underscore: `_mhz`

warning: unused variable: `state`
  --> src/drivers/power.rs:11:26
   |
11 | pub fn enter_sleep_state(state: u8) {
   |                          ^^^^^ help: if this is intentional, prefix it with an underscore: `_state`

warning: value assigned to `cursor_pos` is never read
   --> src/shell.rs:173:26
    |
173 |     let mut cursor_pos = 0;
    |                          ^
    |
    = help: maybe it is overwritten before being read?
    = note: `#[warn(unused_assignments)]` (part of `#[warn(unused)]`) on by default

warning: value assigned to `cursor_visible` is never read
   --> src/shell.rs:208:22
    |
208 |                      cursor_visible = false; // Reset blink phase
    |                      ^^^^^^^^^^^^^^^^^^^^^^
    |
    = help: maybe it is overwritten before being read?

warning: value assigned to `cursor_visible` is never read
   --> src/shell.rs:224:22
    |
224 |                      cursor_visible = false; 
    |                      ^^^^^^^^^^^^^^^^^^^^^^
    |
    = help: maybe it is overwritten before being read?

warning: variable does not need to be mutable
   --> src/shell.rs:677:9
    |
677 |     let mut pmm_lock = crate::mm::pmm::PMM.lock();
    |         ----^^^^^^^^
    |         |
    |         help: remove this `mut`

warning: unused variable: `tens`
   --> src/shell.rs:828:9
    |
828 |     let tens = val / 10;
    |         ^^^^ help: if this is intentional, prefix it with an underscore: `_tens`

warning: unused variable: `e`
   --> src/shell.rs:959:13
    |
959 |         Err(e) => {
    |             ^ help: if this is intentional, prefix it with an underscore: `_e`

warning: unused variable: `args`
    --> src/shell.rs:1208:11
     |
1208 | fn cmd_ip(args: &[&str]) {
     |           ^^^^ help: if this is intentional, prefix it with an underscore: `_args`

warning: variable does not need to be mutable
    --> src/shell.rs:1257:9
     |
1257 |     let mut prio = 128;
     |         ----^^^^
     |         |
     |         help: remove this `mut`

warning: unused variable: `prio_str`
    --> src/shell.rs:1250:9
     |
1250 |     let prio_str = args[1];
     |         ^^^^^^^^ help: if this is intentional, prefix it with an underscore: `_prio_str`

warning: unused variable: `args`
    --> src/shell.rs:1282:15
     |
1282 | fn cmd_umount(args: &[&str]) {
     |               ^^^^ help: if this is intentional, prefix it with an underscore: `_args`

warning: unnecessary `unsafe` block
    --> src/shell.rs:1362:13
     |
1362 |             unsafe {
     |             ^^^^^^ unnecessary `unsafe` block

warning: unused variable: `width`
    --> src/shell.rs:1395:12
     |
1395 |        let width = *video::FRAMEBUFFER_WIDTH.lock();
     |            ^^^^^ help: if this is intentional, prefix it with an underscore: `_width`

warning: unnecessary `unsafe` block
    --> src/shell.rs:1559:18
     |
1559 |                  unsafe {
     |                  ^^^^^^ unnecessary `unsafe` block

warning: unnecessary `unsafe` block
    --> src/shell.rs:1581:14
     |
1581 |              unsafe {
     |              ^^^^^^ unnecessary `unsafe` block

warning: unnecessary `unsafe` block
    --> src/shell.rs:1627:45
     |
1627 | ...                   unsafe {
     |                       ^^^^^^ unnecessary `unsafe` block

warning: unnecessary `unsafe` block
    --> src/shell.rs:1634:45
     |
1634 | ...                   unsafe { *video::CONSOLE_X.lock() = 0; *video::CONSOLE_Y.lock() = 0; }
     |                       ^^^^^^ unnecessary `unsafe` block

warning: unnecessary `unsafe` block
    --> src/shell.rs:1645:41
     |
1645 | ...                   unsafe {
     |                       ^^^^^^ unnecessary `unsafe` block

warning: unused variable: `w`
 --> src/gui/desktop.rs:4:41
  |
4 | pub fn draw_desktop(buffer: &mut [u32], w: usize, h: usize) {
  |                                         ^ help: if this is intentional, prefix it with an underscore: `_w`

warning: unused variable: `h`
 --> src/gui/desktop.rs:4:51
  |
4 | pub fn draw_desktop(buffer: &mut [u32], w: usize, h: usize) {
  |                                                   ^ help: if this is intentional, prefix it with an underscore: `_h`

warning: unused variable: `current_load`
  --> src/engine/ai_scheduler.rs:25:21
   |
25 |                 let current_load = if task.state == crate::process::task::TaskState::Running { 0.1 } else { 0.0 };
   |                     ^^^^^^^^^^^^ help: if this is intentional, prefix it with an underscore: `_current_load`

warning: variable `rflags` is assigned to, but never used
 --> src/debug/invariants.rs:4:9
  |
4 |     let rflags: u64;
  |         ^^^^^^
  |
  = note: consider using `_rflags` instead

warning: value assigned to `rflags` is never read
 --> src/debug/invariants.rs:9:9
  |
9 |         asm!("pushfq; pop {}", out(reg) rflags);
  |         ^^^^^^^^^^^^^^^^^^^^^^^^^^^^^^^^^^^^^^^
  |
  = help: maybe it is overwritten before being read?

warning: unnecessary `unsafe` block
 --> src/debug/diagnostics.rs:5:5
  |
5 |     unsafe { crate::drivers::video::put_str("Diagnostics: Restarting Subsystem: "); }
  |     ^^^^^^ unnecessary `unsafe` block

warning: unnecessary `unsafe` block
 --> src/debug/diagnostics.rs:6:5
  |
6 |     unsafe { crate::drivers::video::put_str(name); }
  |     ^^^^^^ unnecessary `unsafe` block

warning: unnecessary `unsafe` block
 --> src/debug/diagnostics.rs:7:5
  |
7 |     unsafe { crate::drivers::video::put_char('\n'); }
  |     ^^^^^^ unnecessary `unsafe` block

warning: unnecessary `unsafe` block
  --> src/debug/diagnostics.rs:13:5
   |
13 |     unsafe { crate::drivers::video::put_str("Diagnostics: Generating Crash Dump...\n"); }
   |     ^^^^^^ unnecessary `unsafe` block

warning: unused variable: `id`
  --> src/debug/diagnostics.rs:18:22
   |
18 | pub fn trace_syscall(id: u64) {
   |                      ^^ help: if this is intentional, prefix it with an underscore: `_id`

warning: unused variable: `handle`
  --> src/security/cap.rs:70:29
   |
70 |     fn audit_failure(&self, handle: usize, required: u8) {
   |                             ^^^^^^ help: if this is intentional, prefix it with an underscore: `_handle`

warning: unused variable: `required`
  --> src/security/cap.rs:70:44
   |
70 |     fn audit_failure(&self, handle: usize, required: u8) {
   |                                            ^^^^^^^^ help: if this is intentional, prefix it with an underscore: `_required`

warning: unused variable: `msg`
  --> src/security/cap.rs:77:18
   |
77 | pub fn cap_audit(msg: &str) {
   |                  ^^^ help: if this is intentional, prefix it with an underscore: `_msg`

warning: unused variable: `size`
 --> src/ipc/mod.rs:5:30
  |
5 |     pub fn map_shared_memory(size: usize) -> Option<u64> {
  |                              ^^^^ help: if this is intentional, prefix it with an underscore: `_size`

warning: unused variable: `cname`
   --> src/nux/high_level.rs:555:35
    |
555 | ...                   for (cname, cinfo) in &self.classes {
    |                            ^^^^^ help: if this is intentional, prefix it with an underscore: `_cname`

warning: unused variable: `cname`
    --> src/nux/high_level.rs:1042:57
     |
1042 | ...   let mut found = None; for (cname, cinfo) in &self.classes { if let Some(off) = cinfo.fields.get(&member) { found = Some(*off); } }
     |                                  ^^^^^ help: if this is intentional, prefix it with an underscore: `_cname`

warning: unnecessary `unsafe` block
  --> src/main.rs:78:5
   |
78 |     unsafe { mm::pmm::BitmapPmm::init(); }
   |     ^^^^^^ unnecessary `unsafe` block

warning: unnecessary `unsafe` block
   --> src/main.rs:195:22
    |
193 |                  unsafe {
    |                  ------ because it's nested under this `unsafe` block
194 |                      // Unmap first just in case
195 |                      unsafe { mm::vmm::unmap_page(user_base); }
    |                      ^^^^^^ unnecessary `unsafe` block

warning: methods `remove_dir`, `rename`, `chmod`, and `chown` are never used
   --> src/fs/ext4.rs:838:8
    |
708 | impl Ext4Inode {
    | -------------- methods in this implementation
...
838 |     fn remove_dir(&self, _name: &str) -> VfsResult<()> {
    |        ^^^^^^^^^^
...
842 |     fn rename(&self, old_name: &str, new_name: &str) -> VfsResult<()> {
    |        ^^^^^^
...
899 |     fn chmod(&self, mode: u16) -> VfsResult<()> {
    |        ^^^^^
...
921 |     fn chown(&self, uid: u16, gid: u16) -> VfsResult<()> {
    |        ^^^^^
    |
    = note: `#[warn(dead_code)]` (part of `#[warn(unused)]`) on by default

warning: constant `ELF_MAGIC` is never used
 --> src/fs/elf.rs:5:11
  |
5 | pub const ELF_MAGIC: [u8; 4] = [0x7F, b'E', b'L', b'F'];
  |           ^^^^^^^^^

warning: constant `ELF_CLASS_64` is never used
 --> src/fs/elf.rs:6:11
  |
6 | pub const ELF_CLASS_64: u8 = 2;
  |           ^^^^^^^^^^^^

warning: constant `ELF_DATA_LITTLE` is never used
 --> src/fs/elf.rs:7:11
  |
7 | pub const ELF_DATA_LITTLE: u8 = 1;
  |           ^^^^^^^^^^^^^^^

warning: constant `ELF_MACHINE_X86_64` is never used
 --> src/fs/elf.rs:8:11
  |
8 | pub const ELF_MACHINE_X86_64: u16 = 0x3E;
  |           ^^^^^^^^^^^^^^^^^^

warning: constant `ELF_TYPE_EXEC` is never used
 --> src/fs/elf.rs:9:11
  |
9 | pub const ELF_TYPE_EXEC: u16 = 2;
  |           ^^^^^^^^^^^^^

warning: constant `PF_X` is never used
  --> src/fs/elf.rs:13:11
   |
13 | pub const PF_X: u32 = 1;
   |           ^^^^

warning: constant `PF_W` is never used
  --> src/fs/elf.rs:14:11
   |
14 | pub const PF_W: u32 = 2;
   |           ^^^^

warning: constant `PF_R` is never used
  --> src/fs/elf.rs:15:11
   |
15 | pub const PF_R: u32 = 4;
   |           ^^^^

warning: method `is_valid` is never used
  --> src/fs/elf.rs:56:12
   |
55 | impl ElfHeader {
   | -------------- method in this implementation
56 |     pub fn is_valid(&self) -> bool {
   |            ^^^^^^^^

warning: variant `Device` is never constructed
  --> src/fs/vfs.rs:10:5
   |
 7 | pub enum FileType {
   |          -------- variant in this enum
...
10 |     Device,
   |     ^^^^^^
   |
   = note: `FileType` has derived impls for the traits `Clone` and `Debug`, but these are intentionally ignored during dead code analysis

warning: field `mtime` is never read
  --> src/fs/vfs.rs:20:9
   |
14 | pub struct FileStat {
   |            -------- field in this struct
...
20 |     pub mtime: u32,
   |         ^^^^^
   |
   = note: `FileStat` has derived impls for the traits `Clone` and `Debug`, but these are intentionally ignored during dead code analysis

warning: variants `PermissionDenied`, `IsADirectory`, `InvalidHandle`, `NotImplemented`, and `NotEmpty` are never constructed
  --> src/fs/vfs.rs:29:5
   |
27 | pub enum VfsError {
   |          -------- variants in this enum
28 |     NotFound,
29 |     PermissionDenied,
   |     ^^^^^^^^^^^^^^^^
30 |     IsADirectory,
   |     ^^^^^^^^^^^^
...
34 |     InvalidHandle,
   |     ^^^^^^^^^^^^^
35 |     NotImplemented,
   |     ^^^^^^^^^^^^^^
36 |     NotEmpty,
   |     ^^^^^^^^
   |
   = note: `VfsError` has a derived impl for the trait `Debug`, but this is intentionally ignored during dead code analysis

warning: method `close` is never used
  --> src/fs/vfs.rs:63:8
   |
60 | pub trait FileHandle: Send + Sync + core::fmt::Debug {
   |           ---------- method in this trait
...
63 |     fn close(&self) -> VfsResult<()>;
   |        ^^^^^

warning: fields `used_frames` and `hhdm_offset` are never read
  --> src/mm/pmm.rs:16:5
   |
13 | pub struct BitmapPmm {
   |            --------- fields in this struct
...
16 |     used_frames: usize,
   |     ^^^^^^^^^^^
17 |     last_idx: usize,
18 |     hhdm_offset: u64,
   |     ^^^^^^^^^^^

warning: methods `free_frame` and `hhdm_offset` are never used
   --> src/mm/pmm.rs:164:12
    |
 23 | impl BitmapPmm {
    | -------------- methods in this implementation
...
164 |     pub fn free_frame(&mut self, phys_addr: u64) {
    |            ^^^^^^^^^^
...
182 |     pub fn hhdm_offset(&self) -> u64 {
    |            ^^^^^^^^^^^

warning: constant `HUGE_PAGE` is never used
  --> src/mm/vmm.rs:11:11
   |
11 | pub const HUGE_PAGE: u64 = 1 << 7;
   |           ^^^^^^^^^

warning: associated function `new` is never used
  --> src/mm/vmm.rs:20:12
   |
19 | impl PageTable {
   | -------------- associated function in this implementation
20 |     pub fn new() -> Self {
   |            ^^^

warning: function `write_cr3` is never used
  --> src/mm/vmm.rs:45:15
   |
45 | pub unsafe fn write_cr3(val: u64) {
   |               ^^^^^^^^^

warning: function `flush_tlb_local` is never used
  --> src/mm/vmm.rs:53:15
   |
53 | pub unsafe fn flush_tlb_local(addr: u64) {
   |               ^^^^^^^^^^^^^^^

warning: function `flush_tlb_global` is never used
  --> src/mm/vmm.rs:57:15
   |
57 | pub unsafe fn flush_tlb_global() {
   |               ^^^^^^^^^^^^^^^^

warning: variants `BufferTooLarge` and `AccessViolation` are never constructed
  --> src/mm/user.rs:10:5
   |
 8 | pub enum UserError {
   |          --------- variants in this enum
 9 |     InvalidPointer,
10 |     BufferTooLarge,
   |     ^^^^^^^^^^^^^^
11 |     AccessViolation,
   |     ^^^^^^^^^^^^^^^
   |
   = note: `UserError` has derived impls for the traits `Clone` and `Debug`, but these are intentionally ignored during dead code analysis

warning: function `verify_heap` is never used
  --> src/mm/heap.rs:67:8
   |
67 | pub fn verify_heap() {
   |        ^^^^^^^^^^^

warning: function `kmalloc` is never used
  --> src/mm/heap.rs:79:8
   |
79 | pub fn kmalloc(size: usize, align: usize) -> *mut u8 {
   |        ^^^^^^^

warning: function `kfree` is never used
  --> src/mm/heap.rs:85:8
   |
85 | pub fn kfree(ptr: *mut u8, size: usize, align: usize) {
   |        ^^^^^

warning: constant `KERNEL_CODE` is never used
 --> src/cpu/gdt.rs:5:11
  |
5 | pub const KERNEL_CODE: u16 = 0x08;
  |           ^^^^^^^^^^^

warning: constant `KERNEL_DATA` is never used
 --> src/cpu/gdt.rs:6:11
  |
6 | pub const KERNEL_DATA: u16 = 0x10;
  |           ^^^^^^^^^^^

warning: associated function `missing` is never used
  --> src/cpu/idt.rs:17:8
   |
16 | impl IdtEntry {
   | ------------- associated function in this implementation
17 |     fn missing() -> Self {
   |        ^^^^^^^

warning: function `mask_irq` is never used
  --> src/cpu/pic.rs:80:15
   |
80 | pub unsafe fn mask_irq(irq: u8) {
   |               ^^^^^^^^

warning: function `disable` is never used
  --> src/cpu/pic.rs:95:15
   |
95 | pub unsafe fn disable() {
   |               ^^^^^^^

warning: function `enable` is never used
  --> src/cpu/pic.rs:99:15
   |
99 | pub unsafe fn enable() {
   |               ^^^^^^

warning: function `syscall` is never used
  --> src/cpu/syscall.rs:44:15
   |
44 | pub unsafe fn syscall(id: u64, a1: u64, a2: u64, a3: u64) -> u64 {
   |               ^^^^^^^

warning: function `cpu_idle` is never used
 --> src/cpu/control.rs:5:8
  |
5 | pub fn cpu_idle() {
  |        ^^^^^^^^

warning: function `cpu_halt` is never used
  --> src/cpu/control.rs:13:8
   |
13 | pub fn cpu_halt() -> ! {
   |        ^^^^^^^^

warning: function `cpu_relax` is never used
  --> src/cpu/control.rs:21:8
   |
21 | pub fn cpu_relax() {
   |        ^^^^^^^^^

warning: function `are_interrupts_enabled` is never used
  --> src/cpu/control.rs:44:8
   |
44 | pub fn are_interrupts_enabled() -> bool {
   |        ^^^^^^^^^^^^^^^^^^^^^^

warning: function `check_cpu_state` is never used
  --> src/cpu/control.rs:49:8
   |
49 | pub fn check_cpu_state() {
   |        ^^^^^^^^^^^^^^^

warning: function `sync_cpu_state` is never used
  --> src/cpu/control.rs:60:8
   |
60 | pub fn sync_cpu_state() {
   |        ^^^^^^^^^^^^^^

warning: function `suspend_thread` is never used
   --> src/process/scheduler.rs:459:8
    |
459 | pub fn suspend_thread(pid: usize) {
    |        ^^^^^^^^^^^^^^

warning: function `resume_thread` is never used
   --> src/process/scheduler.rs:468:8
    |
468 | pub fn resume_thread(pid: usize) {
    |        ^^^^^^^^^^^^^

warning: function `bind_thread_cpu` is never used
   --> src/process/scheduler.rs:477:8
    |
477 | pub fn bind_thread_cpu(pid: usize, _cpu: usize) {
    |        ^^^^^^^^^^^^^^^

warning: function `reap_any_zombie` is never used
   --> src/process/scheduler.rs:486:8
    |
486 | pub fn reap_any_zombie() {
    |        ^^^^^^^^^^^^^^^

warning: function `detect_starvation` is never used
   --> src/process/scheduler.rs:500:8
    |
500 | pub fn detect_starvation() {
    |        ^^^^^^^^^^^^^^^^^

warning: function `detect_priority_inversion` is never used
   --> src/process/scheduler.rs:514:8
    |
514 | pub fn detect_priority_inversion() {
    |        ^^^^^^^^^^^^^^^^^^^^^^^^^

warning: method `alloc_fd` is never used
  --> src/process/fd.rs:31:12
   |
18 | impl FileDescriptorTable {
   | ------------------------ method in this implementation
...
31 |     pub fn alloc_fd(&mut self, handle: Arc<dyn FileHandle>) -> Option<usize> {
   |            ^^^^^^^^

warning: constant `PRI_MAX_INTERACT` is never used
  --> src/process/scheduler_ule.rs:11:7
   |
11 | const PRI_MAX_INTERACT: u8 = 88;
   |       ^^^^^^^^^^^^^^^^

warning: constant `PRI_MIN_INTERACT` is never used
  --> src/process/scheduler_ule.rs:12:7
   |
12 | const PRI_MIN_INTERACT: u8 = 48;
   |       ^^^^^^^^^^^^^^^^

warning: constant `PRI_MIN_BATCH` is never used
  --> src/process/scheduler_ule.rs:13:7
   |
13 | const PRI_MIN_BATCH: u8 = 104;
   |       ^^^^^^^^^^^^^

warning: constant `PRI_MAX_BATCH` is never used
  --> src/process/scheduler_ule.rs:14:7
   |
14 | const PRI_MAX_BATCH: u8 = 224;
   |       ^^^^^^^^^^^^^

warning: variants `InActive`, `Running`, `Runnable`, and `Sleeping` are never constructed
  --> src/process/scheduler_ule.rs:18:5
   |
17 | pub enum TdState {
   |          ------- variants in this enum
18 |     InActive,
   |     ^^^^^^^^
19 |     Running,
   |     ^^^^^^^
20 |     Runnable,
   |     ^^^^^^^^
21 |     Sleeping,
   |     ^^^^^^^^
   |
   = note: `TdState` has a derived impl for the trait `Clone`, but this is intentionally ignored during dead code analysis

warning: fields `tid`, `priority`, `state`, `slice`, `cpu_id`, and `interactivity` are never read
  --> src/process/scheduler_ule.rs:26:9
   |
25 | pub struct Thread {
   |            ------ fields in this struct
26 |     pub tid: usize,
   |         ^^^
27 |     pub priority: u8,
   |         ^^^^^^^^
28 |     pub state: TdState,
   |         ^^^^^
29 |     pub slice: u32,      // Time slice remaining
   |         ^^^^^
30 |     pub cpu_id: usize,   // CPU affinity
   |         ^^^^^^
31 |     pub interactivity: i32, // Score for interactivity
   |         ^^^^^^^^^^^^^

warning: field `queues` is never read
  --> src/process/scheduler_ule.rs:36:5
   |
35 | pub struct Runq {
   |            ---- field in this struct
36 |     queues: [Vec<Thread>; 256], // Bitmap priority queue
   |     ^^^^^^

warning: methods `add` and `choose` are never used
  --> src/process/scheduler_ule.rs:48:12
   |
39 | impl Runq {
   | --------- methods in this implementation
...
48 |     pub fn add(&mut self, td: Thread) {
   |            ^^^
...
54 |     pub fn choose(&mut self) -> Option<Thread> {
   |            ^^^^^^

warning: fields `lock`, `runq`, `real_runq`, and `load` are never read
  --> src/process/scheduler_ule.rs:67:9
   |
66 | pub struct Tdq {
   |            --- fields in this struct
67 |     pub lock: Mutex<()>,
   |         ^^^^
68 |     pub runq: Runq,      // Timeshare Queue
   |         ^^^^
69 |     pub real_runq: Runq, // Realtime Queue
   |         ^^^^^^^^^
70 |     pub load: usize,     // Load balancing metric
   |         ^^^^

warning: field `tdqs` is never read
  --> src/process/scheduler_ule.rs:90:9
   |
89 | pub struct UleScheduler {
   |            ------------ field in this struct
90 |     pub tdqs: [Mutex<Tdq>; 1], 
   |         ^^^^

warning: associated functions `add_thread` and `pick_next` are never used
   --> src/process/scheduler_ule.rs:101:12
    |
 93 | impl UleScheduler {
    | ----------------- associated functions in this implementation
...
101 |     pub fn add_thread(td: Thread) {
    |            ^^^^^^^^^^
...
114 |     pub fn pick_next() -> Option<Thread> {
    |            ^^^^^^^^^

warning: function `is_ctrl_active` is never used
  --> src/drivers/keyboard.rs:64:8
   |
64 | pub fn is_ctrl_active() -> bool {
   |        ^^^^^^^^^^^^^^

warning: function `put_int` is never used
   --> src/drivers/video.rs:198:8
    |
198 | pub fn put_int(mut val: usize) {
    |        ^^^^^^^

warning: function `c_clear_screen` is never used
 --> src/drivers/video.rs:8:8
  |
8 |     fn c_clear_screen(color: u32);
  |        ^^^^^^^^^^^^^^

warning: function `init` is never used
  --> src/drivers/rtc.rs:15:8
   |
15 | pub fn init() {
   |        ^^^^

warning: struct `Driver` is never constructed
 --> src/drivers/manager.rs:5:12
  |
5 | pub struct Driver {
  |            ^^^^^^

warning: enum `DriverStatus` is never used
  --> src/drivers/manager.rs:11:10
   |
11 | pub enum DriverStatus {
   |          ^^^^^^^^^^^^

warning: static `DRIVERS` is never used
  --> src/drivers/manager.rs:17:12
   |
17 | pub static DRIVERS: Mutex<Vec<Driver>> = Mutex::new(Vec::new());
   |            ^^^^^^^

warning: function `register_driver` is never used
  --> src/drivers/manager.rs:19:8
   |
19 | pub fn register_driver(name: &str) {
   |        ^^^^^^^^^^^^^^^

warning: function `driver_health_check` is never used
  --> src/drivers/manager.rs:27:8
   |
27 | pub fn driver_health_check() {
   |        ^^^^^^^^^^^^^^^^^^^

warning: function `power_init` is never used
 --> src/drivers/power.rs:2:8
  |
2 | pub fn power_init() {
  |        ^^^^^^^^^^

warning: function `scale_cpu_frequency` is never used
 --> src/drivers/power.rs:6:8
  |
6 | pub fn scale_cpu_frequency(mhz: u32) {
  |        ^^^^^^^^^^^^^^^^^^^

warning: function `enter_sleep_state` is never used
  --> src/drivers/power.rs:11:8
   |
11 | pub fn enter_sleep_state(state: u8) {
   |        ^^^^^^^^^^^^^^^^^

warning: field `id` is never read
  --> src/ipc/port.rs:12:5
   |
11 | pub struct Port {
   |            ---- field in this struct
12 |     id: usize,
   |     ^^

warning: constant `OP_DRAW_RECT` is never used
  --> src/nux/vm.rs:45:7
   |
45 | const OP_DRAW_RECT: u8 = 0x20;
   |       ^^^^^^^^^^^^

warning: constant `OP_DRAW_IMG` is never used
  --> src/nux/vm.rs:46:7
   |
46 | const OP_DRAW_IMG: u8 = 0x21; // Unused
   |       ^^^^^^^^^^^

warning: field `locks` is never read
   --> src/nux/vm.rs:143:5
    |
141 | struct SharedState {
    |        ----------- field in this struct
142 |     memory: Vec<u8>, // Global Virtual Memory (Heap/Globals)
143 |     locks: BTreeMap<u64, Arc<SpinLock<()>>>, 
    |     ^^^^^

warning: creating a shared reference to mutable static
   --> src/cpu/gdt.rs:131:31
    |
131 |         set_tss_descriptor(5, &TSS);
    |                               ^^^^ shared reference to mutable static
    |
    = note: for more information, see <https://doc.rust-lang.org/edition-guide/rust-2024/static-mut-references.html>
    = note: shared references to mutable statics are dangerous; it's undefined behavior if the static is mutated or if a mutable reference is created for it while the shared reference lives
    = note: `#[warn(static_mut_refs)]` (part of `#[warn(rust_2024_compatibility)]`) on by default
help: use `&raw const` instead to create a raw pointer
    |
131 |         set_tss_descriptor(5, &raw const TSS);
    |                                +++++++++

warning: creating a shared reference to mutable static
   --> src/cpu/gdt.rs:135:19
    |
135 |             base: GDT.as_ptr() as u64,
    |                   ^^^^^^^^^^^^ shared reference to mutable static
    |
    = note: for more information, see <https://doc.rust-lang.org/edition-guide/rust-2024/static-mut-references.html>
    = note: shared references to mutable statics are dangerous; it's undefined behavior if the static is mutated or if a mutable reference is created for it while the shared reference lives

warning: creating a shared reference to mutable static
  --> src/cpu/idt.rs:83:20
   |
83 |             base: (&IDT as *const Idt) as u64,
   |                    ^^^^ shared reference to mutable static
   |
   = note: for more information, see <https://doc.rust-lang.org/edition-guide/rust-2024/static-mut-references.html>
   = note: shared references to mutable statics are dangerous; it's undefined behavior if the static is mutated or if a mutable reference is created for it while the shared reference lives
help: use `&raw const` instead to create a raw pointer
   |
83 |             base: (&raw const IDT as *const Idt) as u64,
   |                     +++++++++

warning: hiding a lifetime that's elided elsewhere is confusing
   --> src/nux/vm.rs:107:17
    |
107 |     pub fn lock(&self) -> SpinLockGuard<T> {
    |                 ^^^^^     ^^^^^^^^^^^^^^^^ the same lifetime is hidden here
    |                 |
    |                 the lifetime is elided here
    |
    = help: the same lifetime is referred to in inconsistent ways, making the signature confusing
    = note: `#[warn(mismatched_lifetime_syntaxes)]` on by default
help: use `'_` for type paths
    |
107 |     pub fn lock(&self) -> SpinLockGuard<'_, T> {
    |                                         +++

warning: `ainux_kernel` (bin "ainux_kernel") generated 153 warnings (run `cargo fix --bin "ainux_kernel" -p ainux_kernel` to apply 54 suggestions)
    Finished `dev` profile [unoptimized + debuginfo] target(s) in 0.93s
