warning: unused variable: `out_dir`
 --> build.rs:6:9
  |
6 |     let out_dir = PathBuf::from(env::var("OUT_DIR").unwrap());
  |         ^^^^^^^ help: if this is intentional, prefix it with an underscore: `_out_dir`
  |
  = note: `#[warn(unused_variables)]` (part of `#[warn(unused)]`) on by default

warning: `ainux_kernel` (build script) generated 1 warning
warning: ainux_kernel@0.1.0: Inherited flag "-mcmodel=kernel" is not supported by the currently used CC
warning: ainux_kernel@0.1.0: Inherited flag "-mcmodel=kernel" is not supported by the currently used CC
warning: ainux_kernel@0.1.0: Inherited flag "-mcmodel=kernel" is not supported by the currently used CC
warning: ainux_kernel@0.1.0: Inherited flag "-mcmodel=kernel" is not supported by the currently used CC
   Compiling ainux_kernel v0.1.0 (/home/aakash/Downloads/Ainuix/custom_kernel)
error: cannot find macro `asm` in this scope
  --> src/mm/vmm.rs:40:5
   |
40 |     asm!("mov {}, cr3", out(reg) cr3, options(nomem, nostack, preserves_flags));
   |     ^^^
   |
help: consider importing one of these macros
   |
 1 + use crate::asm;
   |
 1 + use core::arch::asm;
   |

error: cannot find macro `asm` in this scope
  --> src/mm/vmm.rs:45:5
   |
45 |     asm!("mov cr3, {}", in(reg) val, options(nomem, nostack, preserves_flags));
   |     ^^^
   |
help: consider importing one of these macros
   |
 1 + use crate::asm;
   |
 1 + use core::arch::asm;
   |

error: cannot find macro `asm` in this scope
  --> src/mm/vmm.rs:49:5
   |
49 |     asm!("invlpg [{}]", in(reg) addr, options(nostack, preserves_flags));
   |     ^^^
   |
help: consider importing one of these macros
   |
 1 + use crate::asm;
   |
 1 + use core::arch::asm;
   |

warning: unused import: `core::mem::transmute`
 --> src/fs/ext4.rs:2:5
  |
2 | use core::mem::transmute;
  |     ^^^^^^^^^^^^^^^^^^^^
  |
  = note: `#[warn(unused_imports)]` (part of `#[warn(unused)]`) on by default

warning: unused import: `alloc::vec::Vec`
 --> src/fs/elf.rs:1:5
  |
1 | use alloc::vec::Vec;
  |     ^^^^^^^^^^^^^^^

warning: unused import: `core::fmt`
 --> src/fs/elf.rs:2:5
  |
2 | use core::fmt;
  |     ^^^^^^^^^

warning: unused import: `AtomicUsize`
 --> src/mm/pmm.rs:3:26
  |
3 | use core::sync::atomic::{AtomicUsize, AtomicU64, Ordering};
  |                          ^^^^^^^^^^^

warning: unused import: `PAGE_SIZE`
 --> src/mm/vmm.rs:1:22
  |
1 | use crate::mm::pmm::{PAGE_SIZE, PMM, HHDM_OFFSET};
  |                      ^^^^^^^^^

warning: unused import: `naked_asm`
 --> src/cpu/userspace.rs:1:23
  |
1 | use core::arch::{asm, naked_asm};
  |                       ^^^^^^^^^

warning: unused imports: `TaskState` and `Task`
 --> src/process/loader.rs:1:19
  |
1 | use super::task::{Task, TaskState};
  |                   ^^^^  ^^^^^^^^^

warning: unused imports: `PF_W` and `PF_X`
 --> src/process/loader.rs:3:57
  |
3 | use crate::fs::elf::{ElfHeader, ProgramHeader, PT_LOAD, PF_W, PF_X};
  |                                                         ^^^^  ^^^^

warning: unused import: `alloc::vec::Vec`
 --> src/process/loader.rs:6:5
  |
6 | use alloc::vec::Vec;
  |     ^^^^^^^^^^^^^^^

warning: unused import: `core::slice`
 --> src/process/loader.rs:7:5
  |
7 | use core::slice;
  |     ^^^^^^^^^^^

warning: unused import: `spin::Mutex`
 --> src/drivers/video.rs:1:5
  |
1 | use spin::Mutex;
  |     ^^^^^^^^^^^

warning: unused import: `core::fmt::Write`
 --> src/shell.rs:5:5
  |
5 | use core::fmt::Write;
  |     ^^^^^^^^^^^^^^^^

warning: unused variable: `a1`
  --> src/cpu/pic.rs:26:9
   |
26 |     let a1 = inb(PIC1_DATA);
   |         ^^ help: if this is intentional, prefix it with an underscore: `_a1`
   |
   = note: `#[warn(unused_variables)]` (part of `#[warn(unused)]`) on by default

warning: unused variable: `a2`
  --> src/cpu/pic.rs:27:9
   |
27 |     let a2 = inb(PIC2_DATA);
   |         ^^ help: if this is intentional, prefix it with an underscore: `_a2`

warning: unused variable: `flags`
   --> src/drivers/mouse.rs:102:21
    |
102 |                 let flags = MOUSE_BYTE[0];
    |                     ^^^^^ help: if this is intentional, prefix it with an underscore: `_flags`

warning: unnecessary `unsafe` block
  --> src/main.rs:94:5
   |
94 |     unsafe { mm::pmm::BitmapPmm::init(); }
   |     ^^^^^^ unnecessary `unsafe` block
   |
   = note: `#[warn(unused_unsafe)]` (part of `#[warn(unused)]`) on by default

warning: `ainux_kernel` (bin "ainux_kernel") generated 16 warnings
warning: ainux_kernel@0.1.0: Inherited flag "-mcmodel=kernel" is not supported by the currently used CC
warning: ainux_kernel@0.1.0: Inherited flag "-mcmodel=kernel" is not supported by the currently used CC
warning: ainux_kernel@0.1.0: Inherited flag "-mcmodel=kernel" is not supported by the currently used CC
warning: ainux_kernel@0.1.0: Inherited flag "-mcmodel=kernel" is not supported by the currently used CC
error: could not compile `ainux_kernel` (bin "ainux_kernel") due to 3 previous errors; 16 warnings emitted
