    Checking scopeguard v1.2.0
   Compiling find-msvc-tools v0.1.6
   Compiling shlex v1.3.0
    Checking bitflags v2.10.0
    Checking lock_api v0.4.14
    Checking limine v0.5.0
   Compiling cc v1.2.51
    Checking spinning_top v0.2.5
    Checking linked_list_allocator v0.10.5
    Checking spin v0.9.8
    Checking volatile v0.6.1
   Compiling ainux_kernel v0.1.0 (/home/aakash/Downloads/Ainuix/custom_kernel)
warning: ainux_kernel@0.1.0: Inherited flag "-mcmodel=kernel" is not supported by the currently used CC
warning: ainux_kernel@0.1.0: Inherited flag "-mcmodel=kernel" is not supported by the currently used CC
warning: ainux_kernel@0.1.0: Inherited flag "-mcmodel=kernel" is not supported by the currently used CC
warning: ainux_kernel@0.1.0: Inherited flag "-mcmodel=kernel" is not supported by the currently used CC
warning: ainux_kernel@0.1.0: Inherited flag "-mcmodel=kernel" is not supported by the currently used CC
warning: ainux_kernel@0.1.0: Inherited flag "-mcmodel=kernel" is not supported by the currently used CC
warning: ainux_kernel@0.1.0: Inherited flag "-mcmodel=kernel" is not supported by the currently used CC
warning: ainux_kernel@0.1.0: src/c/libc/stdio.c: In function 'fopen':
warning: ainux_kernel@0.1.0: src/c/libc/stdio.c:142:47: warning: unused parameter 'mode' [-Wunused-parameter]
warning: ainux_kernel@0.1.0:   142 | FILE *fopen(const char *pathname, const char *mode) {
warning: ainux_kernel@0.1.0:       |                                   ~~~~~~~~~~~~^~~~
warning: ainux_kernel@0.1.0: Inherited flag "-mcmodel=kernel" is not supported by the currently used CC
warning: ainux_kernel@0.1.0: Inherited flag "-mcmodel=kernel" is not supported by the currently used CC
warning: ainux_kernel@0.1.0: Inherited flag "-mcmodel=kernel" is not supported by the currently used CC
warning: ainux_kernel@0.1.0: Inherited flag "-mcmodel=kernel" is not supported by the currently used CC
warning: ainux_kernel@0.1.0: Inherited flag "-mcmodel=kernel" is not supported by the currently used CC
warning: ainux_kernel@0.1.0: Inherited flag "-mcmodel=kernel" is not supported by the currently used CC
warning: ainux_kernel@0.1.0: Inherited flag "-mcmodel=kernel" is not supported by the currently used CC
warning: ainux_kernel@0.1.0: src/c/ex/io/ext2.c:80:25: warning: 'ext2_readdir' defined but not used [-Wunused-function]
warning: ainux_kernel@0.1.0:    80 | static struct w_dirent *ext2_readdir(vfs_node_t *node, uint32_t index) {
warning: ainux_kernel@0.1.0:       |                         ^~~~~~~~~~~~
warning: ainux_kernel@0.1.0: Inherited flag "-mcmodel=kernel" is not supported by the currently used CC
warning: ainux_kernel@0.1.0: src/c/ex/io/fat32.c: In function 'fat32_read_vfs':
warning: ainux_kernel@0.1.0: src/c/ex/io/fat32.c:891:52: warning: unused parameter 'offset' [-Wunused-parameter]
warning: ainux_kernel@0.1.0:   891 | uint64_t fat32_read_vfs(vfs_node_t *node, uint64_t offset, uint64_t size, uint8_t *buffer) {
warning: ainux_kernel@0.1.0:       |                                           ~~~~~~~~~^~~~~~
warning: ainux_kernel@0.1.0: src/c/ex/io/fat32.c: In function 'fat32_write_vfs':
warning: ainux_kernel@0.1.0: src/c/ex/io/fat32.c:907:53: warning: unused parameter 'offset' [-Wunused-parameter]
warning: ainux_kernel@0.1.0:   907 | uint64_t fat32_write_vfs(vfs_node_t *node, uint64_t offset, uint64_t size, uint8_t *buffer) {
warning: ainux_kernel@0.1.0:       |                                            ~~~~~~~~~^~~~~~
warning: ainux_kernel@0.1.0: Inherited flag "-mcmodel=kernel" is not supported by the currently used CC
warning: ainux_kernel@0.1.0: Inherited flag "-mcmodel=kernel" is not supported by the currently used CC
warning: ainux_kernel@0.1.0: Inherited flag "-mcmodel=kernel" is not supported by the currently used CC
warning: ainux_kernel@0.1.0: Inherited flag "-mcmodel=kernel" is not supported by the currently used CC
warning: ainux_kernel@0.1.0: Inherited flag "-mcmodel=kernel" is not supported by the currently used CC
warning: ainux_kernel@0.1.0: Inherited flag "-mcmodel=kernel" is not supported by the currently used CC
warning: ainux_kernel@0.1.0: src/c/drivers/mouse.c: In function 'mouse_handler':
warning: ainux_kernel@0.1.0: src/c/drivers/mouse.c:132:20: warning: variable 'y_rel' set but not used [-Wunused-but-set-variable]
warning: ainux_kernel@0.1.0:   132 |             int8_t y_rel = mouse_byte[2];
warning: ainux_kernel@0.1.0:       |                    ^~~~~
warning: ainux_kernel@0.1.0: src/c/drivers/mouse.c:131:20: warning: variable 'x_rel' set but not used [-Wunused-but-set-variable]
warning: ainux_kernel@0.1.0:   131 |             int8_t x_rel = mouse_byte[1];
warning: ainux_kernel@0.1.0:       |                    ^~~~~
warning: ainux_kernel@0.1.0: Inherited flag "-mcmodel=kernel" is not supported by the currently used CC
warning: ainux_kernel@0.1.0: Inherited flag "-mcmodel=kernel" is not supported by the currently used CC
warning: ainux_kernel@0.1.0: Inherited flag "-mcmodel=kernel" is not supported by the currently used CC
warning: ainux_kernel@0.1.0: src/c/drivers/rtc.c: In function 'rtc_get_time':
warning: ainux_kernel@0.1.0: src/c/drivers/rtc.c:32:13: warning: unused variable 'century' [-Wunused-variable]
warning: ainux_kernel@0.1.0:    32 |     uint8_t century;
warning: ainux_kernel@0.1.0:       |             ^~~~~~~
warning: ainux_kernel@0.1.0: Inherited flag "-mcmodel=kernel" is not supported by the currently used CC
warning: ainux_kernel@0.1.0: Inherited flag "-mcmodel=kernel" is not supported by the currently used CC
warning: ainux_kernel@0.1.0: Inherited flag "-mcmodel=kernel" is not supported by the currently used CC
warning: ainux_kernel@0.1.0: Inherited flag "-mcmodel=kernel" is not supported by the currently used CC
warning: ainux_kernel@0.1.0: Inherited flag "-mcmodel=kernel" is not supported by the currently used CC
warning: ainux_kernel@0.1.0: Inherited flag "-mcmodel=kernel" is not supported by the currently used CC
warning: ainux_kernel@0.1.0: Inherited flag "-mcmodel=kernel" is not supported by the currently used CC
warning: ainux_kernel@0.1.0: Inherited flag "-mcmodel=kernel" is not supported by the currently used CC
warning: ainux_kernel@0.1.0: Inherited flag "-mcmodel=kernel" is not supported by the currently used CC
warning: ainux_kernel@0.1.0: Inherited flag "-mcmodel=kernel" is not supported by the currently used CC
warning: ainux_kernel@0.1.0: Inherited flag "-mcmodel=kernel" is not supported by the currently used CC
warning: ainux_kernel@0.1.0: Inherited flag "-mcmodel=kernel" is not supported by the currently used CC
error: expected pattern, found `let`
   --> src/nux/vm.rs:312:21
    |
312 |                     let val = f64::from_bits(self.pop() as u64);
    |                     ^^^
    |
help: remove the unnecessary `let` keyword
    |
312 -                     let val = f64::from_bits(self.pop() as u64);
312 +                     val = f64::from_bits(self.pop() as u64);
    |

error: expected one of `=>`, `@`, `if`, or `|`, found `=`
   --> src/nux/vm.rs:312:29
    |
312 |                     let val = f64::from_bits(self.pop() as u64);
    |                             ^
    |                             |
    |                             expected one of `=>`, `@`, `if`, or `|`
    |                             help: use a fat arrow to start a match arm: `=>`

error: `match` arm body without braces
   --> src/nux/vm.rs:312:31
    |
312 |                       let val = f64::from_bits(self.pop() as u64);
    |  _____________________________-_^
    | |                             |
    | |                             while parsing the `match` arm starting here
...   |
315 | |                     kkprintln!("FLOAT: {}", val as i64); // Todo: proper float print
    | |________________________________________________________^ these statements are not surrounded by a body
    |
help: surround the statements with a body
    |
312 ~                     let val = { f64::from_bits(self.pop() as u64);
313 |                     // kprint!("{}", val);
314 |                     // io::stdout().flush().unwrap();
315 ~                     kkprintln!("FLOAT: {}", val as i64); } // Todo: proper float print
    |

error: cannot find macro `kkprint` in this scope
   --> src/nux/vm.rs:433:30
    |
  8 | macro_rules! kprint {
    | ------------------- similarly named macro `kprint` defined here
...
433 |                         1 => kkprint!("\x1B[2J\x1B[1;1H"),
    |                              ^^^^^^^ help: a macro with a similar name exists: `kprint`

error: cannot find macro `kkprintln` in this scope
   --> src/nux/vm.rs:434:30
    |
 17 | macro_rules! kprintln {
    | --------------------- similarly named macro `kprintln` defined here
...
434 |                         2 => kkprintln!("NuxVM Kernel-Mode v0.5"),
    |                              ^^^^^^^^^ help: a macro with a similar name exists: `kprintln`

error: cannot find macro `kkprintln` in this scope
   --> src/nux/vm.rs:187:13
    |
 17 | macro_rules! kprintln {
    | --------------------- similarly named macro `kprintln` defined here
...
187 |             kkprintln!("Runtime Error: Stack Overflow");
    |             ^^^^^^^^^ help: a macro with a similar name exists: `kprintln`

error: cannot find macro `kkprintln` in this scope
   --> src/nux/vm.rs:196:14
    |
 17 | macro_rules! kprintln {
    | --------------------- similarly named macro `kprintln` defined here
...
196 |              kkprintln!("Runtime Error: Stack Underflow");
    |              ^^^^^^^^^ help: a macro with a similar name exists: `kprintln`

error: cannot find macro `kkprintln` in this scope
   --> src/nux/vm.rs:216:18
    |
 17 | macro_rules! kprintln {
    | --------------------- similarly named macro `kprintln` defined here
...
216 |                  kkprintln!("NuxVM: Invalid Binary");
    |                  ^^^^^^^^^ help: a macro with a similar name exists: `kprintln`

error: cannot find macro `kkprintln` in this scope
   --> src/nux/vm.rs:239:33
    |
 17 | macro_rules! kprintln {
    | --------------------- similarly named macro `kprintln` defined here
...
239 |                     if b == 0 { kkprintln!("Runtime Error: DivZero"); self.running = false; }
    |                                 ^^^^^^^^^ help: a macro with a similar name exists: `kprintln`

error: cannot find macro `kkprintln` in this scope
   --> src/nux/vm.rs:263:25
    |
 17 | macro_rules! kprintln {
    | --------------------- similarly named macro `kprintln` defined here
...
263 |                         kkprintln!("Runtime Error: DivZero");
    |                         ^^^^^^^^^ help: a macro with a similar name exists: `kprintln`

error: cannot find macro `kkprintln` in this scope
   --> src/nux/vm.rs:331:59
    |
 17 | macro_rules! kprintln {
    | --------------------- similarly named macro `kprintln` defined here
...
331 |                 OP_DEBUG_PRINT => { let val = self.pop(); kkprintln!("DEBUG: {}", val); },
    |                                                           ^^^^^^^^^ help: a macro with a similar name exists: `kprintln`

error: cannot find macro `kkprint` in this scope
   --> src/nux/vm.rs:334:21
    |
  8 | macro_rules! kprint {
    | ------------------- similarly named macro `kprint` defined here
...
334 |                     kkprint!("{}", val as u8 as char);  
    |                     ^^^^^^^ help: a macro with a similar name exists: `kprint`

error: cannot find macro `kkprint` in this scope
   --> src/nux/vm.rs:336:57
    |
  8 | macro_rules! kprint {
    | ------------------- similarly named macro `kprint` defined here
...
336 |                 OP_PRINT_VAL => { let val = self.pop(); kkprint!("{}", val); },
    |                                                         ^^^^^^^ help: a macro with a similar name exists: `kprint`

error: cannot find macro `kkprintln` in this scope
   --> src/nux/vm.rs:356:25
    |
 17 | macro_rules! kprintln {
    | --------------------- similarly named macro `kprintln` defined here
...
356 |                         kkprintln!("Runtime Error: Call Stack Overflow (Recursion too deep)");
    |                         ^^^^^^^^^ help: a macro with a similar name exists: `kprintln`

error: cannot find macro `kkprintln` in this scope
   --> src/nux/vm.rs:364:30
    |
 17 | macro_rules! kprintln {
    | --------------------- similarly named macro `kprintln` defined here
...
364 |                              kkprintln!("Runtime Error: Stack Underflow on Call");
    |                              ^^^^^^^^^ help: a macro with a similar name exists: `kprintln`

error: cannot find macro `kkprintln` in this scope
   --> src/nux/vm.rs:423:21
    |
 17 | macro_rules! kprintln {
    | --------------------- similarly named macro `kprintln` defined here
...
423 |                     kkprintln!("DEBUG: Spawning thread at {} (Not Implemented)", target);
    |                     ^^^^^^^^^ help: a macro with a similar name exists: `kprintln`

error: cannot find macro `kkprintln` in this scope
   --> src/nux/vm.rs:490:25
    |
 17 | macro_rules! kprintln {
    | --------------------- similarly named macro `kprintln` defined here
...
490 |                         kkprintln!("Runtime Error: Segfault Read {}", addr); 
    |                         ^^^^^^^^^ help: a macro with a similar name exists: `kprintln`

error: cannot find macro `kkprintln` in this scope
   --> src/nux/vm.rs:511:25
    |
 17 | macro_rules! kprintln {
    | --------------------- similarly named macro `kprintln` defined here
...
511 |                         kkprintln!("Runtime Error: Segfault Write {}", addr);
    |                         ^^^^^^^^^ help: a macro with a similar name exists: `kprintln`

error: cannot find macro `kkprintln` in this scope
   --> src/nux/vm.rs:517:24
    |
 17 | macro_rules! kprintln {
    | --------------------- similarly named macro `kprintln` defined here
...
517 |                 _ => { kkprintln!("Unknown Opcode: {:02X}", op); }
    |                        ^^^^^^^^^ help: a macro with a similar name exists: `kprintln`

warning: unused `#[macro_use]` import
 --> src/main.rs:4:1
  |
4 | #[macro_use]
  | ^^^^^^^^^^^^
  |
  = note: `#[warn(unused_imports)]` (part of `#[warn(unused)]`) on by default

warning: unused import: `self`
 --> src/main.rs:9:17
  |
9 | use core::fmt::{self, Write};
  |                 ^^^^

warning: unused import: `core::mem::transmute`
 --> src/fs/ext4.rs:2:5
  |
2 | use core::mem::transmute;
  |     ^^^^^^^^^^^^^^^^^^^^

warning: unused import: `self`
   --> src/fs/ext4.rs:120:22
    |
120 | use crate::fs::vfs::{self, FileSystem, Inode, FileHandle, VfsResult, VfsError, FileType, FileStat};
    |                      ^^^^

warning: unused import: `alloc::vec::Vec`
 --> src/fs/elf.rs:1:5
  |
1 | use alloc::vec::Vec;
  |     ^^^^^^^^^^^^^^^

warning: unused import: `core::fmt`
 --> src/fs/elf.rs:2:5
  |
2 | use core::fmt;
  |     ^^^^^^^^^

warning: unused import: `AtomicUsize`
 --> src/mm/pmm.rs:3:26
  |
3 | use core::sync::atomic::{AtomicUsize, AtomicU64, Ordering};
  |                          ^^^^^^^^^^^

warning: unused import: `PAGE_SIZE`
 --> src/mm/vmm.rs:2:22
  |
2 | use crate::mm::pmm::{PAGE_SIZE, PMM, HHDM_OFFSET};
  |                      ^^^^^^^^^

warning: unused import: `core::slice`
 --> src/mm/user.rs:1:5
  |
1 | use core::slice;
  |     ^^^^^^^^^^^

warning: unused import: `naked_asm`
 --> src/cpu/userspace.rs:1:23
  |
1 | use core::arch::{asm, naked_asm};
  |                       ^^^^^^^^^

warning: unused imports: `TaskState` and `Task`
 --> src/process/loader.rs:1:19
  |
1 | use super::task::{Task, TaskState};
  |                   ^^^^  ^^^^^^^^^

warning: unused imports: `PF_W` and `PF_X`
 --> src/process/loader.rs:3:57
  |
3 | use crate::fs::elf::{ElfHeader, ProgramHeader, PT_LOAD, PF_W, PF_X};
  |                                                         ^^^^  ^^^^

warning: unused import: `alloc::vec::Vec`
 --> src/process/loader.rs:6:5
  |
6 | use alloc::vec::Vec;
  |     ^^^^^^^^^^^^^^^

warning: unused import: `core::slice`
 --> src/process/loader.rs:7:5
  |
7 | use core::slice;
  |     ^^^^^^^^^^^

warning: unused import: `spin::Mutex`
 --> src/drivers/video.rs:1:5
  |
1 | use spin::Mutex;
  |     ^^^^^^^^^^^

warning: unused import: `core::fmt::Write`
    --> src/shell.rs:1466:9
     |
1466 |     use core::fmt::Write;
     |         ^^^^^^^^^^^^^^^^

warning: unused imports: `FRAMEBUFFER_ADDR`, `FRAMEBUFFER_BPP`, `FRAMEBUFFER_HEIGHT`, `FRAMEBUFFER_PITCH`, and `FRAMEBUFFER_WIDTH`
 --> src/gui/graphics.rs:2:35
  |
2 | use crate::drivers::video::{self, FRAMEBUFFER_ADDR, FRAMEBUFFER_WIDTH, FRAMEBUFFER_HEIGHT, FRAMEBUFFER_PITCH, FRAMEBUFFER_BPP};
  |                                   ^^^^^^^^^^^^^^^^  ^^^^^^^^^^^^^^^^^  ^^^^^^^^^^^^^^^^^^  ^^^^^^^^^^^^^^^^^  ^^^^^^^^^^^^^^^

warning: unused import: `Color`
 --> src/gui/compositor.rs:4:28
  |
4 | use crate::gui::graphics::{Color, Graphics};
  |                            ^^^^^

warning: unused import: `spin::Mutex`
 --> src/engine/vm.rs:3:5
  |
3 | use spin::Mutex;
  |     ^^^^^^^^^^^

warning: unused import: `alloc::vec::Vec`
 --> src/engine/ai_scheduler.rs:1:5
  |
1 | use alloc::vec::Vec;
  |     ^^^^^^^^^^^^^^^

warning: unused import: `spin::Mutex`
 --> src/engine/ai_scheduler.rs:2:5
  |
2 | use spin::Mutex;
  |     ^^^^^^^^^^^

warning: unused import: `alloc::string::ToString`
 --> src/nux/lexer.rs:4:5
  |
4 | use alloc::string::ToString;
  |     ^^^^^^^^^^^^^^^^^^^^^^^

warning: unused import: `alloc::sync::Arc`
 --> src/sem/mod.rs:3:5
  |
3 | use alloc::sync::Arc;
  |     ^^^^^^^^^^^^^^^^

error[E0599]: no method named `floor` found for type `f64` in the current scope
   --> src/nux/vm.rs:302:39
    |
302 |                     self.push((a / b).floor().to_bits() as i64);
    |                                       ^^^^^ method not found in `f64`

warning: unused variable: `group`
   --> src/fs/ext4.rs:270:23
    |
270 |     fn get_bgd(&self, group: u32) -> BlockGroupDescriptor {
    |                       ^^^^^ help: if this is intentional, prefix it with an underscore: `_group`
    |
    = note: `#[warn(unused_variables)]` (part of `#[warn(unused)]`) on by default

warning: unused variable: `group`
   --> src/fs/ext4.rs:283:26
    |
283 |     fn update_bgd(&self, group: u32, bgd: BlockGroupDescriptor) {
    |                          ^^^^^ help: if this is intentional, prefix it with an underscore: `_group`

warning: unused variable: `real_len`
   --> src/fs/ext4.rs:795:18
    |
795 |              let real_len = (8 + entry.name_len as u16 + 3) & !3;
    |                  ^^^^^^^^ help: if this is intentional, prefix it with an underscore: `_real_len`

warning: unused variable: `a1`
  --> src/cpu/pic.rs:26:9
   |
26 |     let a1 = inb(PIC1_DATA);
   |         ^^ help: if this is intentional, prefix it with an underscore: `_a1`

warning: unused variable: `a2`
  --> src/cpu/pic.rs:27:9
   |
27 |     let a2 = inb(PIC2_DATA);
   |         ^^ help: if this is intentional, prefix it with an underscore: `_a2`

warning: unnecessary `unsafe` block
   --> src/cpu/syscall.rs:251:14
    |
251 |              unsafe { crate::process::scheduler::get_ticks() * 10 }
    |              ^^^^^^ unnecessary `unsafe` block
    |
    = note: `#[warn(unused_unsafe)]` (part of `#[warn(unused)]`) on by default

warning: variable does not need to be mutable
  --> src/process/scheduler.rs:35:9
   |
35 |     let mut next_task_id = 0;
   |         ----^^^^^^^^^^^^
   |         |
   |         help: remove this `mut`
   |
   = note: `#[warn(unused_mut)]` (part of `#[warn(unused)]`) on by default

warning: unused variable: `next_task_id`
  --> src/process/scheduler.rs:35:9
   |
35 |     let mut next_task_id = 0;
   |         ^^^^^^^^^^^^^^^^ help: if this is intentional, prefix it with an underscore: `_next_task_id`

warning: unnecessary `unsafe` block
   --> src/process/scheduler.rs:252:5
    |
252 |     unsafe {
    |     ^^^^^^ unnecessary `unsafe` block

warning: unused variable: `path`
   --> src/process/scheduler.rs:274:21
    |
274 | pub fn process_open(path: &str, _flags: u32) -> isize {
    |                     ^^^^ help: if this is intentional, prefix it with an underscore: `_path`

warning: variable does not need to be mutable
   --> src/process/scheduler.rs:284:9
    |
284 |     let mut tasks = TASKS.lock();
    |         ----^^^^^
    |         |
    |         help: remove this `mut`

warning: variable does not need to be mutable
   --> src/process/scheduler.rs:315:9
    |
315 |     let mut tasks = TASKS.lock();
    |         ----^^^^^
    |         |
    |         help: remove this `mut`

warning: unnecessary `unsafe` block
   --> src/process/loader.rs:122:21
    |
122 |                     unsafe {
    |                     ^^^^^^ unnecessary `unsafe` block

warning: unused variable: `flags`
   --> src/drivers/mouse.rs:102:21
    |
102 |                 let flags = MOUSE_BYTE[0];
    |                     ^^^^^ help: if this is intentional, prefix it with an underscore: `_flags`

warning: unnecessary `unsafe` block
  --> src/drivers/ata.rs:56:5
   |
56 |     unsafe {
   |     ^^^^^^ unnecessary `unsafe` block

warning: unnecessary `unsafe` block
  --> src/drivers/ata.rs:86:5
   |
86 |     unsafe {
   |     ^^^^^^ unnecessary `unsafe` block

warning: unnecessary `unsafe` block
  --> src/drivers/manager.rs:32:14
   |
32 |              unsafe { crate::drivers::video::put_str("Health Check: Driver Failed: "); }
   |              ^^^^^^ unnecessary `unsafe` block

warning: unused variable: `mhz`
 --> src/drivers/power.rs:6:28
  |
6 | pub fn scale_cpu_frequency(mhz: u32) {
  |                            ^^^ help: if this is intentional, prefix it with an underscore: `_mhz`

warning: unused variable: `state`
  --> src/drivers/power.rs:11:26
   |
11 | pub fn enter_sleep_state(state: u8) {
   |                          ^^^^^ help: if this is intentional, prefix it with an underscore: `_state`

warning: unreachable pattern
   --> src/shell.rs:311:22
    |
287 |                      "nuxc" => cmd_nuxc(&args),
    |                      ------ matches all the relevant values
...
311 |                      "nuxc" => cmd_nuxc(&args),
    |                      ^^^^^^ no value can reach this
    |
    = note: `#[warn(unreachable_patterns)]` (part of `#[warn(unused)]`) on by default

warning: value assigned to `cursor_pos` is never read
   --> src/shell.rs:173:26
    |
173 |     let mut cursor_pos = 0;
    |                          ^
    |
    = help: maybe it is overwritten before being read?
    = note: `#[warn(unused_assignments)]` (part of `#[warn(unused)]`) on by default

warning: value assigned to `cursor_visible` is never read
   --> src/shell.rs:208:22
    |
208 |                      cursor_visible = false; // Reset blink phase
    |                      ^^^^^^^^^^^^^^^^^^^^^^
    |
    = help: maybe it is overwritten before being read?

warning: value assigned to `cursor_visible` is never read
   --> src/shell.rs:224:22
    |
224 |                      cursor_visible = false; 
    |                      ^^^^^^^^^^^^^^^^^^^^^^
    |
    = help: maybe it is overwritten before being read?

warning: variable does not need to be mutable
   --> src/shell.rs:547:9
    |
547 |     let mut pmm_lock = crate::mm::pmm::PMM.lock();
    |         ----^^^^^^^^
    |         |
    |         help: remove this `mut`

warning: unused variable: `tens`
   --> src/shell.rs:698:9
    |
698 |     let tens = val / 10;
    |         ^^^^ help: if this is intentional, prefix it with an underscore: `_tens`

warning: unused variable: `e`
   --> src/shell.rs:829:13
    |
829 |         Err(e) => {
    |             ^ help: if this is intentional, prefix it with an underscore: `_e`

warning: unused variable: `args`
    --> src/shell.rs:1078:11
     |
1078 | fn cmd_ip(args: &[&str]) {
     |           ^^^^ help: if this is intentional, prefix it with an underscore: `_args`

warning: variable does not need to be mutable
    --> src/shell.rs:1127:9
     |
1127 |     let mut prio = 128;
     |         ----^^^^
     |         |
     |         help: remove this `mut`

warning: unused variable: `prio_str`
    --> src/shell.rs:1120:9
     |
1120 |     let prio_str = args[1];
     |         ^^^^^^^^ help: if this is intentional, prefix it with an underscore: `_prio_str`

warning: unused variable: `args`
    --> src/shell.rs:1240:15
     |
1240 | fn cmd_umount(args: &[&str]) {
     |               ^^^^ help: if this is intentional, prefix it with an underscore: `_args`

warning: unnecessary `unsafe` block
    --> src/shell.rs:1320:13
     |
1320 |             unsafe {
     |             ^^^^^^ unnecessary `unsafe` block

warning: unused variable: `width`
    --> src/shell.rs:1353:12
     |
1353 |        let width = *video::FRAMEBUFFER_WIDTH.lock();
     |            ^^^^^ help: if this is intentional, prefix it with an underscore: `_width`

warning: unnecessary `unsafe` block
    --> src/shell.rs:1517:18
     |
1517 |                  unsafe {
     |                  ^^^^^^ unnecessary `unsafe` block

warning: unnecessary `unsafe` block
    --> src/shell.rs:1539:14
     |
1539 |              unsafe {
     |              ^^^^^^ unnecessary `unsafe` block

warning: unnecessary `unsafe` block
    --> src/shell.rs:1585:45
     |
1585 | ...                   unsafe {
     |                       ^^^^^^ unnecessary `unsafe` block

warning: unnecessary `unsafe` block
    --> src/shell.rs:1592:45
     |
1592 | ...                   unsafe { *video::CONSOLE_X.lock() = 0; *video::CONSOLE_Y.lock() = 0; }
     |                       ^^^^^^ unnecessary `unsafe` block

warning: unnecessary `unsafe` block
    --> src/shell.rs:1603:41
     |
1603 | ...                   unsafe {
     |                       ^^^^^^ unnecessary `unsafe` block

warning: unused variable: `w`
 --> src/gui/desktop.rs:4:41
  |
4 | pub fn draw_desktop(buffer: &mut [u32], w: usize, h: usize) {
  |                                         ^ help: if this is intentional, prefix it with an underscore: `_w`

warning: unused variable: `h`
 --> src/gui/desktop.rs:4:51
  |
4 | pub fn draw_desktop(buffer: &mut [u32], w: usize, h: usize) {
  |                                                   ^ help: if this is intentional, prefix it with an underscore: `_h`

warning: unused variable: `current_load`
  --> src/engine/ai_scheduler.rs:25:21
   |
25 |                 let current_load = if task.state == crate::process::task::TaskState::Running { 0.1 } else { 0.0 };
   |                     ^^^^^^^^^^^^ help: if this is intentional, prefix it with an underscore: `_current_load`

warning: variable `rflags` is assigned to, but never used
 --> src/debug/invariants.rs:4:9
  |
4 |     let rflags: u64;
  |         ^^^^^^
  |
  = note: consider using `_rflags` instead

warning: value assigned to `rflags` is never read
 --> src/debug/invariants.rs:9:9
  |
9 |         asm!("pushfq; pop {}", out(reg) rflags);
  |         ^^^^^^^^^^^^^^^^^^^^^^^^^^^^^^^^^^^^^^^
  |
  = help: maybe it is overwritten before being read?

warning: unnecessary `unsafe` block
 --> src/debug/diagnostics.rs:5:5
  |
5 |     unsafe { crate::drivers::video::put_str("Diagnostics: Restarting Subsystem: "); }
  |     ^^^^^^ unnecessary `unsafe` block

warning: unnecessary `unsafe` block
 --> src/debug/diagnostics.rs:6:5
  |
6 |     unsafe { crate::drivers::video::put_str(name); }
  |     ^^^^^^ unnecessary `unsafe` block

warning: unnecessary `unsafe` block
 --> src/debug/diagnostics.rs:7:5
  |
7 |     unsafe { crate::drivers::video::put_char('\n'); }
  |     ^^^^^^ unnecessary `unsafe` block

warning: unnecessary `unsafe` block
  --> src/debug/diagnostics.rs:13:5
   |
13 |     unsafe { crate::drivers::video::put_str("Diagnostics: Generating Crash Dump...\n"); }
   |     ^^^^^^ unnecessary `unsafe` block

warning: unused variable: `id`
  --> src/debug/diagnostics.rs:18:22
   |
18 | pub fn trace_syscall(id: u64) {
   |                      ^^ help: if this is intentional, prefix it with an underscore: `_id`

warning: unused variable: `handle`
  --> src/security/cap.rs:70:29
   |
70 |     fn audit_failure(&self, handle: usize, required: u8) {
   |                             ^^^^^^ help: if this is intentional, prefix it with an underscore: `_handle`

warning: unused variable: `required`
  --> src/security/cap.rs:70:44
   |
70 |     fn audit_failure(&self, handle: usize, required: u8) {
   |                                            ^^^^^^^^ help: if this is intentional, prefix it with an underscore: `_required`

warning: unused variable: `msg`
  --> src/security/cap.rs:77:18
   |
77 | pub fn cap_audit(msg: &str) {
   |                  ^^^ help: if this is intentional, prefix it with an underscore: `_msg`

warning: unused variable: `size`
 --> src/ipc/mod.rs:5:30
  |
5 |     pub fn map_shared_memory(size: usize) -> Option<u64> {
  |                              ^^^^ help: if this is intentional, prefix it with an underscore: `_size`

warning: unused variable: `cname`
   --> src/nux/high_level.rs:555:35
    |
555 | ...                   for (cname, cinfo) in &self.classes {
    |                            ^^^^^ help: if this is intentional, prefix it with an underscore: `_cname`

warning: unused variable: `cname`
    --> src/nux/high_level.rs:1042:57
     |
1042 | ...   let mut found = None; for (cname, cinfo) in &self.classes { if let Some(off) = cinfo.fields.get(&member) { found = Some(*off); } }
     |                                  ^^^^^ help: if this is intentional, prefix it with an underscore: `_cname`

warning: unnecessary `unsafe` block
  --> src/main.rs:78:5
   |
78 |     unsafe { mm::pmm::BitmapPmm::init(); }
   |     ^^^^^^ unnecessary `unsafe` block

warning: unnecessary `unsafe` block
   --> src/main.rs:195:22
    |
193 |                  unsafe {
    |                  ------ because it's nested under this `unsafe` block
194 |                      // Unmap first just in case
195 |                      unsafe { mm::vmm::unmap_page(user_base); }
    |                      ^^^^^^ unnecessary `unsafe` block

For more information about this error, try `rustc --explain E0599`.
warning: `ainux_kernel` (bin "ainux_kernel") generated 78 warnings
warning: ainux_kernel@0.1.0: Inherited flag "-mcmodel=kernel" is not supported by the currently used CC
warning: ainux_kernel@0.1.0: Inherited flag "-mcmodel=kernel" is not supported by the currently used CC
warning: ainux_kernel@0.1.0: Inherited flag "-mcmodel=kernel" is not supported by the currently used CC
warning: ainux_kernel@0.1.0: Inherited flag "-mcmodel=kernel" is not supported by the currently used CC
warning: ainux_kernel@0.1.0: Inherited flag "-mcmodel=kernel" is not supported by the currently used CC
warning: ainux_kernel@0.1.0: Inherited flag "-mcmodel=kernel" is not supported by the currently used CC
warning: ainux_kernel@0.1.0: Inherited flag "-mcmodel=kernel" is not supported by the currently used CC
warning: ainux_kernel@0.1.0: src/c/libc/stdio.c: In function 'fopen':
warning: ainux_kernel@0.1.0: src/c/libc/stdio.c:142:47: warning: unused parameter 'mode' [-Wunused-parameter]
warning: ainux_kernel@0.1.0:   142 | FILE *fopen(const char *pathname, const char *mode) {
warning: ainux_kernel@0.1.0:       |                                   ~~~~~~~~~~~~^~~~
warning: ainux_kernel@0.1.0: Inherited flag "-mcmodel=kernel" is not supported by the currently used CC
warning: ainux_kernel@0.1.0: Inherited flag "-mcmodel=kernel" is not supported by the currently used CC
warning: ainux_kernel@0.1.0: Inherited flag "-mcmodel=kernel" is not supported by the currently used CC
warning: ainux_kernel@0.1.0: Inherited flag "-mcmodel=kernel" is not supported by the currently used CC
warning: ainux_kernel@0.1.0: Inherited flag "-mcmodel=kernel" is not supported by the currently used CC
warning: ainux_kernel@0.1.0: Inherited flag "-mcmodel=kernel" is not supported by the currently used CC
warning: ainux_kernel@0.1.0: Inherited flag "-mcmodel=kernel" is not supported by the currently used CC
warning: ainux_kernel@0.1.0: src/c/ex/io/ext2.c:80:25: warning: 'ext2_readdir' defined but not used [-Wunused-function]
warning: ainux_kernel@0.1.0:    80 | static struct w_dirent *ext2_readdir(vfs_node_t *node, uint32_t index) {
warning: ainux_kernel@0.1.0:       |                         ^~~~~~~~~~~~
warning: ainux_kernel@0.1.0: Inherited flag "-mcmodel=kernel" is not supported by the currently used CC
warning: ainux_kernel@0.1.0: src/c/ex/io/fat32.c: In function 'fat32_read_vfs':
warning: ainux_kernel@0.1.0: src/c/ex/io/fat32.c:891:52: warning: unused parameter 'offset' [-Wunused-parameter]
warning: ainux_kernel@0.1.0:   891 | uint64_t fat32_read_vfs(vfs_node_t *node, uint64_t offset, uint64_t size, uint8_t *buffer) {
warning: ainux_kernel@0.1.0:       |                                           ~~~~~~~~~^~~~~~
warning: ainux_kernel@0.1.0: src/c/ex/io/fat32.c: In function 'fat32_write_vfs':
warning: ainux_kernel@0.1.0: src/c/ex/io/fat32.c:907:53: warning: unused parameter 'offset' [-Wunused-parameter]
warning: ainux_kernel@0.1.0:   907 | uint64_t fat32_write_vfs(vfs_node_t *node, uint64_t offset, uint64_t size, uint8_t *buffer) {
warning: ainux_kernel@0.1.0:       |                                            ~~~~~~~~~^~~~~~
warning: ainux_kernel@0.1.0: Inherited flag "-mcmodel=kernel" is not supported by the currently used CC
warning: ainux_kernel@0.1.0: Inherited flag "-mcmodel=kernel" is not supported by the currently used CC
warning: ainux_kernel@0.1.0: Inherited flag "-mcmodel=kernel" is not supported by the currently used CC
warning: ainux_kernel@0.1.0: Inherited flag "-mcmodel=kernel" is not supported by the currently used CC
warning: ainux_kernel@0.1.0: Inherited flag "-mcmodel=kernel" is not supported by the currently used CC
warning: ainux_kernel@0.1.0: Inherited flag "-mcmodel=kernel" is not supported by the currently used CC
warning: ainux_kernel@0.1.0: src/c/drivers/mouse.c: In function 'mouse_handler':
warning: ainux_kernel@0.1.0: src/c/drivers/mouse.c:132:20: warning: variable 'y_rel' set but not used [-Wunused-but-set-variable]
warning: ainux_kernel@0.1.0:   132 |             int8_t y_rel = mouse_byte[2];
warning: ainux_kernel@0.1.0:       |                    ^~~~~
warning: ainux_kernel@0.1.0: src/c/drivers/mouse.c:131:20: warning: variable 'x_rel' set but not used [-Wunused-but-set-variable]
warning: ainux_kernel@0.1.0:   131 |             int8_t x_rel = mouse_byte[1];
warning: ainux_kernel@0.1.0:       |                    ^~~~~
warning: ainux_kernel@0.1.0: Inherited flag "-mcmodel=kernel" is not supported by the currently used CC
warning: ainux_kernel@0.1.0: Inherited flag "-mcmodel=kernel" is not supported by the currently used CC
warning: ainux_kernel@0.1.0: Inherited flag "-mcmodel=kernel" is not supported by the currently used CC
warning: ainux_kernel@0.1.0: src/c/drivers/rtc.c: In function 'rtc_get_time':
warning: ainux_kernel@0.1.0: src/c/drivers/rtc.c:32:13: warning: unused variable 'century' [-Wunused-variable]
warning: ainux_kernel@0.1.0:    32 |     uint8_t century;
warning: ainux_kernel@0.1.0:       |             ^~~~~~~
warning: ainux_kernel@0.1.0: Inherited flag "-mcmodel=kernel" is not supported by the currently used CC
warning: ainux_kernel@0.1.0: Inherited flag "-mcmodel=kernel" is not supported by the currently used CC
warning: ainux_kernel@0.1.0: Inherited flag "-mcmodel=kernel" is not supported by the currently used CC
warning: ainux_kernel@0.1.0: Inherited flag "-mcmodel=kernel" is not supported by the currently used CC
warning: ainux_kernel@0.1.0: Inherited flag "-mcmodel=kernel" is not supported by the currently used CC
warning: ainux_kernel@0.1.0: Inherited flag "-mcmodel=kernel" is not supported by the currently used CC
warning: ainux_kernel@0.1.0: Inherited flag "-mcmodel=kernel" is not supported by the currently used CC
warning: ainux_kernel@0.1.0: Inherited flag "-mcmodel=kernel" is not supported by the currently used CC
warning: ainux_kernel@0.1.0: Inherited flag "-mcmodel=kernel" is not supported by the currently used CC
warning: ainux_kernel@0.1.0: Inherited flag "-mcmodel=kernel" is not supported by the currently used CC
warning: ainux_kernel@0.1.0: Inherited flag "-mcmodel=kernel" is not supported by the currently used CC
warning: ainux_kernel@0.1.0: Inherited flag "-mcmodel=kernel" is not supported by the currently used CC
error: could not compile `ainux_kernel` (bin "ainux_kernel") due to 20 previous errors; 78 warnings emitted
