+ echo 'Building Kernel...'
Building Kernel...
+ cargo build --release --target x86_64-unknown-none
warning: unused import: `core::mem::transmute`
 --> src/fs/ext4.rs:2:5
  |
2 | use core::mem::transmute;
  |     ^^^^^^^^^^^^^^^^^^^^
  |
  = note: `#[warn(unused_imports)]` (part of `#[warn(unused)]`) on by default

warning: unused import: `AtomicUsize`
 --> src/mm/pmm.rs:3:26
  |
3 | ...::{AtomicUsize, A...
  |       ^^^^^^^^^^^

warning: unused import: `PAGE_SIZE`
 --> src/mm/vmm.rs:2:22
  |
2 | ...::{PAGE_SIZE, P...
  |       ^^^^^^^^^

warning: unused import: `naked_asm`
 --> src/cpu/userspace.rs:1:23
  |
1 | ...m, naked_asm};
  |       ^^^^^^^^^

warning: unused import: `core::fmt`
 --> src/drivers/video.rs:2:5
  |
2 | use core::fmt;
  |     ^^^^^^^^^

warning: unused variable: `a1`
  --> src/cpu/pic.rs:26:9
   |
26 | ...et a1 = i...
   |       ^^ help: if this is intentional, prefix it with an underscore: `_a1`
   |
   = note: `#[warn(unused_variables)]` (part of `#[warn(unused)]`) on by default

warning: unused variable: `a2`
  --> src/cpu/pic.rs:27:9
   |
27 | ...et a2 = i...
   |       ^^ help: if this is intentional, prefix it with an underscore: `_a2`

warning: unused variable: `a1`
  --> src/cpu/syscall.rs:87:46
   |
87 | ...4, a1: u6...
   |       ^^ help: if this is intentional, prefix it with an underscore: `_a1`

warning: unused variable: `flags`
   --> src/drivers/mouse.rs:102:21
    |
102 | ...et flags = ...
    |       ^^^^^ help: if this is intentional, prefix it with an underscore: `_flags`

warning: unnecessary `unsafe` block
  --> src/main.rs:79:5
   |
79 |     unsafe { ...
   |     ^^^^^^ unnecessary `unsafe` block
   |
   = note: `#[warn(unused_unsafe)]` (part of `#[warn(unused)]`) on by default

warning: unused variable: `bpp`
  --> src/main.rs:65:17
   |
65 | ...et bpp = ...
   |       ^^^ help: if this is intentional, prefix it with an underscore: `_bpp`

warning: unused variable: `pitch`
  --> src/main.rs:66:17
   |
66 | ...et pitch = ...
   |       ^^^^^ help: if this is intentional, prefix it with an underscore: `_pitch`

warning: unused variable: `height`
  --> src/main.rs:67:17
   |
67 | ...et height = ...
   |       ^^^^^^ help: if this is intentional, prefix it with an underscore: `_height`

warning: unused variable: `width`
  --> src/main.rs:68:17
   |
68 | ...et width = ...
   |       ^^^^^ help: if this is intentional, prefix it with an underscore: `_width`

warning: unused variable: `buffer`
  --> src/main.rs:69:17
   |
69 | ...et buffer = ...
   |       ^^^^^^ help: if this is intentional, prefix it with an underscore: `_buffer`

warning: fields `used_frames` and `hhdm_offset` are never read
  --> src/mm/pmm.rs:16:5
   |
13 | pub struct BitmapPmm {
   |            --------- fields in this struct
...
16 |     used_frames: usize,
   |     ^^^^^^^^^^^
17 |     last_idx: usize,
18 |     hhdm_offset: u64,
   |     ^^^^^^^^^^^
   |
   = note: `#[warn(dead_code)]` (part of `#[warn(unused)]`) on by default

warning: methods `test_bit`, `free_frame`, and `hhdm_offset` are never used
   --> src/mm/pmm.rs:138:8
    |
 23 | impl BitmapPmm {
    | -------------- methods in this implementation
...
138 |     fn test_bit(&self, fr...
    |        ^^^^^^^^
...
164 |     pub fn free_frame(&mu...
    |            ^^^^^^^^^^
...
175 |     pub fn hhdm_offset(&s...
    |            ^^^^^^^^^^^

warning: constant `HUGE_PAGE` is never used
 --> src/mm/vmm.rs:9:11
  |
9 | ...st HUGE_PAGE: u...
  |       ^^^^^^^^^

warning: constant `NX` is never used
  --> src/mm/vmm.rs:10:11
   |
10 | ...st NX: u6...
   |       ^^

warning: associated function `new` is never used
  --> src/mm/vmm.rs:18:12
   |
17 | impl PageTable {
   | -------------- associated function in this implementation
18 |     pub fn new() ...
   |            ^^^

warning: function `write_cr3` is never used
  --> src/mm/vmm.rs:43:15
   |
43 | ...fn write_cr3(va...
   |       ^^^^^^^^^

warning: function `init` is never used
  --> src/mm/vmm.rs:51:8
   |
51 | pub fn init() {
   |        ^^^^

warning: function `unmap_page` is never used
   --> src/mm/vmm.rs:120:15
    |
120 | ...fn unmap_page(vi...
    |       ^^^^^^^^^^

warning: constant `KERNEL_CODE` is never used
 --> src/cpu/gdt.rs:5:11
  |
5 | ...st KERNEL_CODE: u...
  |       ^^^^^^^^^^^

warning: constant `KERNEL_DATA` is never used
 --> src/cpu/gdt.rs:6:11
  |
6 | ...st KERNEL_DATA: u...
  |       ^^^^^^^^^^^

warning: associated function `missing` is never used
  --> src/cpu/idt.rs:17:8
   |
16 | impl IdtEntry {
   | ------------- associated function in this implementation
17 |     fn missing() ...
   |        ^^^^^^^

warning: enum `TaskState` is never used
 --> src/process/task.rs:2:10
  |
2 | ...um TaskState {
  |       ^^^^^^^^^

warning: struct `Task` is never constructed
  --> src/process/task.rs:24:12
   |
24 | ...ct Task {
   |       ^^^^

warning: associated function `new_free` is never used
  --> src/process/task.rs:32:18
   |
31 | impl Task {
   | --------- associated function in this implementation
32 |     pub const fn new_free() ...
   |                  ^^^^^^^^

warning: constant `MAX_TASKS` is never used
 --> src/process/scheduler.rs:5:7
  |
5 | const MAX_TASKS: u...
  |       ^^^^^^^^^

warning: static `TASKS` is never used
 --> src/process/scheduler.rs:7:8
  |
7 | ...ic TASKS: M...
  |       ^^^^^

warning: static `CURRENT_PID` is never used
  --> src/process/scheduler.rs:14:12
   |
14 | ...ut CURRENT_PID: u...
   |       ^^^^^^^^^^^

warning: function `init` is never used
  --> src/process/scheduler.rs:16:8
   |
16 | pub fn init() {
   |        ^^^^

warning: function `spawn` is never used
  --> src/process/scheduler.rs:24:8
   |
24 | ...fn spawn(fu...
   |       ^^^^^

warning: function `schedule` is never used
  --> src/process/scheduler.rs:54:8
   |
54 | ...fn schedule() {
   |       ^^^^^^^^

warning: function `yield_now` is never used
  --> src/process/scheduler.rs:90:8
   |
90 | ...fn yield_now() {
   |       ^^^^^^^^^

warning: constant `WIDTH` is never used
 --> src/drivers/video.rs:7:7
  |
7 | const WIDTH: u...
  |       ^^^^^

warning: constant `HEIGHT` is never used
 --> src/drivers/video.rs:8:7
  |
8 | const HEIGHT: u...
  |       ^^^^^^

warning: field `bpp` is never read
  --> src/drivers/video.rs:17:5
   |
10 | struct Console {
   |        ------- field in this struct
...
17 |     bpp: u16,
   |     ^^^

warning: constant `FONT_HEIGHT` is never used
 --> src/drivers/font.rs:5:11
  |
5 | ...st FONT_HEIGHT: u...
  |       ^^^^^^^^^^^

warning: constant `FONT_WIDTH` is never used
 --> src/drivers/font.rs:6:11
  |
6 | ...st FONT_WIDTH: u...
  |       ^^^^^^^^^^

warning: constant `ERROR_PORT` is never used
 --> src/drivers/ata.rs:5:7
  |
5 | const ERROR_PORT: u...
  |       ^^^^^^^^^^

warning: constant `CMD_WRITE_SECTORS` is never used
  --> src/drivers/ata.rs:15:7
   |
15 | const CMD_WRITE_SECTORS: u...
   |       ^^^^^^^^^^^^^^^^^

warning: constant `CMD_FLUSH_CACHE` is never used
  --> src/drivers/ata.rs:16:7
   |
16 | const CMD_FLUSH_CACHE: u...
   |       ^^^^^^^^^^^^^^^

warning: function `outw` is never used
  --> src/drivers/ata.rs:40:11
   |
40 | ...fn outw(po...
   |       ^^^^

warning: creating a shared reference to mutable static
   --> src/cpu/gdt.rs:131:31
    |
131 | ...5, &TSS);
    |       ^^^^ shared reference to mutable static
    |
    = note: for more information, see <https://doc.rust-lang.org/edition-guide/rust-2024/static-mut-references.html>
    = note: shared references to mutable statics are dangerous; it's undefined behavior if the static is mutated or if a mutable reference is created for it while the shared reference lives
    = note: `#[warn(static_mut_refs)]` (part of `#[warn(rust_2024_compatibility)]`) on by default
help: use `&raw const` instead to create a raw pointer
    |
131 |         set_tss_descriptor(5, &raw const TSS);
    |                                +++++++++

warning: creating a shared reference to mutable static
   --> src/cpu/gdt.rs:135:19
    |
135 | ...e: GDT.as_ptr() as...
    |       ^^^^^^^^^^^^ shared reference to mutable static
    |
    = note: for more information, see <https://doc.rust-lang.org/edition-guide/rust-2024/static-mut-references.html>
    = note: shared references to mutable statics are dangerous; it's undefined behavior if the static is mutated or if a mutable reference is created for it while the shared reference lives

warning: creating a shared reference to mutable static
  --> src/cpu/idt.rs:79:20
   |
79 | ...: (&IDT as...
   |       ^^^^ shared reference to mutable static
   |
   = note: for more information, see <https://doc.rust-lang.org/edition-guide/rust-2024/static-mut-references.html>
   = note: shared references to mutable statics are dangerous; it's undefined behavior if the static is mutated or if a mutable reference is created for it while the shared reference lives
help: use `&raw const` instead to create a raw pointer
   |
79 |             base: (&raw const IDT as *const Idt) as u64,
   |                     +++++++++

warning: `ainux_kernel` (bin "ainux_kernel") generated 48 warnings (run `cargo fix --bin "ainux_kernel" -p ainux_kernel` to apply 14 suggestions)
    Finished `release` profile [optimized] target(s) in 0.03s
+ echo 'Building ISO...'
Building ISO...
+ mkdir -p iso_root
+ cp -v target/x86_64-unknown-none/release/ainux_kernel iso_root/
'target/x86_64-unknown-none/release/ainux_kernel' -> 'iso_root/ainux_kernel'
+ cp -v limine.cfg limine/limine-bios.sys limine/limine-bios-cd.bin limine/limine-uefi-cd.bin iso_root/
cp: cannot stat 'limine.cfg': No such file or directory
'limine/limine-bios.sys' -> 'iso_root/limine-bios.sys'
'limine/limine-bios-cd.bin' -> 'iso_root/limine-bios-cd.bin'
'limine/limine-uefi-cd.bin' -> 'iso_root/limine-uefi-cd.bin'
