mkdir -p isodir/boot/grub
cp kernel.elf isodir/boot/
cp initrd.tar isodir/boot/
cp boot/grub/grub.cfg isodir/boot/grub/
mkdir -p isodir/boot/grub/fonts
cp /usr/share/grub/unicode.pf2 isodir/boot/grub/fonts/
grub-mkrescue -o os.iso isodir
xorriso 1.5.6 : RockRidge filesystem manipulator, libburnia project.

Drive current: -outdev 'stdio:os.iso'
Media current: stdio file, overwriteable
Media status : is blank
Media summary: 0 sessions, 0 data blocks, 0 data, 58.2g free
Added to ISO image: directory '/'='/tmp/grub.iAqlMM'
xorriso : UPDATE :     628 files added in 1 seconds
Added to ISO image: directory '/'='/home/aakash/Downloads/Ainuix/custom_kernel/isodir'
xorriso : UPDATE :     635 files added in 1 seconds
xorriso : NOTE : Copying to System Area: 512 bytes from file '/usr/lib/grub/i386-pc/boot_hybrid.img'
xorriso : UPDATE :  0.39% done
ISO image produced: 9706 sectors
Written to medium : 9706 sectors at LBA 0
Writing to 'stdio:os.iso' completed successfully.

rm -rf isodir
qemu-system-x86_64 -cdrom os.iso -drive file=disk.img,format=raw,if=ide -M pc -m 2G -enable-kvm -bios /usr/share/ovmf/OVMF.fd -vga std -serial stdio
qemu-system-x86_64: warning: host doesn't support requested feature: CPUID[eax=80000001h].ECX.svm [bit 2]
[2J[01;01H[=3h[2J[01;01H[2J[01;01H[=3h[2J[01;01H[2J[01;01H[=3h[2J[01;01HBdsDxe: loading Boot0001 "UEFI QEMU DVD-ROM QM00003 " from PciRoot(0x0)/Pci(0x1,0x1)/Ata(Secondary,Master,0x0)
BdsDxe: starting Boot0001 "UEFI QEMU DVD-ROM QM00003 " from PciRoot(0x0)/Pci(0x1,0x1)/Ata(Secondary,Master,0x0)
[H[J[1;1H[?25l[m[H[J[1;1H[2;20HGNU GRUB  version 2.14~git20250718.0e36779

[m[4;2H+----------------------------------------------------------------------------+[5;2H|[5;79H|[6;2H|[6;79H|[7;2H|[7;79H|[8;2H|[8;79H|[9;2H|[9;79H|[10;2H|[10;79H|[11;2H|[11;79H|[12;2H|[12;79H|[13;2H|[13;79H|[14;2H|[14;79H|[15;2H|[15;79H|[16;2H|[16;79H|[17;2H+----------------------------------------------------------------------------+[m[18;2H[19;2H[m     Use the ^ and v keys to select which entry is highlighted.          
      Press enter to boot the selected OS, `e' to edit the commands       
      before booting or `c' for a command-line.                           [5;80H [7m[5;3H*Ainuix                                                                     [m[5;78H[m[m[6;3H                                                                            [m[6;78H[m[m[7;3H                                                                            [m[7;78H[m[m[8;3H                                                                            [m[8;78H[m[m[9;3H                                                                            [m[9;78H[m[m[10;3H                                                                            [m[10;78H[m[m[11;3H                                                                            [m[11;78H[m[m[12;3H                                                                            [m[12;78H[m[m[13;3H                                                                            [m[13;78H[m[m[14;3H                                                                            [m[14;78H[m[m[15;3H                                                                            [m[15;78H[m[m[16;3H                                                                            [m[16;78H[m[16;80H [5;78H[0m[30m[40m[2J[01;01H[0m[37m[40m[02;30HGNU GRUB  version 2.14~git20250718.0e36779

[04;02H┌────────────────────────────────────────────────────────────────────────────────────────────────┐[05;02H│[05;99H│[06;02H│[06;99H│[07;02H│[07;99H│[08;02H│[08;99H│[09;02H│[09;99H│[10;02H│[10;99H│[11;02H│[11;99H│[12;02H│[12;99H│[13;02H│[13;99H│[14;02H│[14;99H│[15;02H│[15;99H│[16;02H│[16;99H│[17;02H│[17;99H│[18;02H│[18;99H│[19;02H│[19;99H│[20;02H│[20;99H│[21;02H│[21;99H│[22;02H│[22;99H│[23;02H│[23;99H│[24;02H└────────────────────────────────────────────────────────────────────────────────────────────────┘[25;02H[26;02H     Use the ▲ and ▼ keys to select which entry is highlighted.                              
      Press enter to boot the selected OS, `e' to edit the commands before booting or `c' for 
      a command-line.                                                                         [05;:0H [0m[30m[47m[05;03H*Ainuix                                                                                         [0m[37m[40m[05;98H[06;03H                                                                                                [06;98H[07;03H                                                                                                [07;98H[08;03H                                                                                                [08;98H[09;03H                                                                                                [09;98H[10;03H                                                                                                [10;98H[11;03H                                                                                                [11;98H[12;03H                                                                                                [12;98H[13;03H                                                                                                [13;98H[14;03H                                                                                                [14;98H[15;03H                                                                                                [15;98H[16;03H                                                                                                [16;98H[17;03H                                                                                                [17;98H[18;03H                                                                                                [18;98H[19;03H                                                                                                [19;98H[20;03H                                                                                                [20;98H[21;03H                                                                                                [21;98H[22;03H                                                                                                [22;98H[23;03H                                                                                                [23;98H[23;:0H [05;98H[29;01H   The highlighted entry will be executed automatically in 1s.                                     [05;98H[22;1H   The highlighted entry will be executed automatically in 1s.                 [5;78H[29;01H   The highlighted entry will be executed automatically in 0s.                                     [05;98H[22;1H   The highlighted entry will be executed automatically in 0s.                 [5;78H[0m[30m[40m[2J[01;01H[0m[37m[40m[?25h[H[J[1;1H[1;36m=== Ainux Kernel (Multiboot2) ===
[0m[1;33mBooting...
[0m[1;33mNote: Headless Mode Active (No Framebuffer detected in this env).
[0mDebug: Addr=0x00, W=0, H=0, P=0, BPP=0
[1;32mInitializing GDT...
[0mInitializing IDT...
Initializing PMM...
[PMM] Initialized
Initializing Heap...
Rust Heap: Initialized
Initializing InitRD...
[InitRD] Loaded and Trimmed
Initializing Keyboard...
[KB] Initialized (US Layout + Ctrl)
Initializing Mouse...
Initializing ATA Disk...
[ATA] Scanning for drives...\n[ATA] Found ATA Drive at Primary Master\nValid MBR found.
[VFS] Initialized.
[FAT32] Found MBR Partition 1 (Type 0c) at LBA 2048
[FAT32] Mounted. Data Start: 4128, Root: 4128
FAT32 Filesystem Initialized.
[VFS] Mounted root at /
VFS: Mounted FAT32 at /
Initializing Scheduler...
Scheduler initialized. PID 0 created.
Initializing Timer...
PIT initialized.
Starting Multitasking (creating background task)...
Enabling Interrupts...
[1;32m
Boot complete!
[0m
=== Ainux Shell ===
Type 'help' for commands

/ $ qemu: terminating on signal 15 from pid 34424 (make)
